Archive member included to satisfy reference by file (symbol)

/usr/lib/gcc/arm-none-eabi/7.3.1/thumb/v7e-m/libgcc.a(_aeabi_ldivmod.o)
                              CMakeFiles/s2500-image-capture-f7.elf.dir/Drivers/STM32F7xx_HAL_Driver/Src/stm32f7xx_hal_rcc.c.obj (__aeabi_ldivmod)
/usr/lib/gcc/arm-none-eabi/7.3.1/thumb/v7e-m/libgcc.a(_aeabi_uldivmod.o)
                              CMakeFiles/s2500-image-capture-f7.elf.dir/Drivers/STM32F7xx_HAL_Driver/Src/stm32f7xx_hal_rcc.c.obj (__aeabi_uldivmod)
/usr/lib/gcc/arm-none-eabi/7.3.1/thumb/v7e-m/libgcc.a(_udivmoddi4.o)
                              /usr/lib/gcc/arm-none-eabi/7.3.1/thumb/v7e-m/libgcc.a(_aeabi_ldivmod.o) (__udivmoddi4)
/usr/lib/gcc/arm-none-eabi/7.3.1/thumb/v7e-m/libgcc.a(_dvmd_tls.o)
                              /usr/lib/gcc/arm-none-eabi/7.3.1/thumb/v7e-m/libgcc.a(_aeabi_ldivmod.o) (__aeabi_ldiv0)
/usr/lib/gcc/arm-none-eabi/7.3.1/../../../arm-none-eabi/lib/thumb/v7e-m/libc.a(lib_a-atexit.o)
                              /usr/lib/gcc/arm-none-eabi/7.3.1/../../../arm-none-eabi/lib/thumb/v7e-m/crt0.o (atexit)
/usr/lib/gcc/arm-none-eabi/7.3.1/../../../arm-none-eabi/lib/thumb/v7e-m/libc.a(lib_a-errno.o)
                              CMakeFiles/s2500-image-capture-f7.elf.dir/Core/Src/syscalls.c.obj (__errno)
/usr/lib/gcc/arm-none-eabi/7.3.1/../../../arm-none-eabi/lib/thumb/v7e-m/libc.a(lib_a-exit.o)
                              /usr/lib/gcc/arm-none-eabi/7.3.1/../../../arm-none-eabi/lib/thumb/v7e-m/crt0.o (exit)
/usr/lib/gcc/arm-none-eabi/7.3.1/../../../arm-none-eabi/lib/thumb/v7e-m/libc.a(lib_a-fini.o)
                              /usr/lib/gcc/arm-none-eabi/7.3.1/../../../arm-none-eabi/lib/thumb/v7e-m/crt0.o (__libc_fini_array)
/usr/lib/gcc/arm-none-eabi/7.3.1/../../../arm-none-eabi/lib/thumb/v7e-m/libc.a(lib_a-impure.o)
                              /usr/lib/gcc/arm-none-eabi/7.3.1/../../../arm-none-eabi/lib/thumb/v7e-m/libc.a(lib_a-exit.o) (_global_impure_ptr)
/usr/lib/gcc/arm-none-eabi/7.3.1/../../../arm-none-eabi/lib/thumb/v7e-m/libc.a(lib_a-init.o)
                              /usr/lib/gcc/arm-none-eabi/7.3.1/../../../arm-none-eabi/lib/thumb/v7e-m/crt0.o (__libc_init_array)
/usr/lib/gcc/arm-none-eabi/7.3.1/../../../arm-none-eabi/lib/thumb/v7e-m/libc.a(lib_a-malloc.o)
                              CMakeFiles/s2500-image-capture-f7.elf.dir/Core/Src/main.c.obj (malloc)
/usr/lib/gcc/arm-none-eabi/7.3.1/../../../arm-none-eabi/lib/thumb/v7e-m/libc.a(lib_a-mallocr.o)
                              /usr/lib/gcc/arm-none-eabi/7.3.1/../../../arm-none-eabi/lib/thumb/v7e-m/libc.a(lib_a-malloc.o) (_malloc_r)
/usr/lib/gcc/arm-none-eabi/7.3.1/../../../arm-none-eabi/lib/thumb/v7e-m/libc.a(lib_a-memset.o)
                              /usr/lib/gcc/arm-none-eabi/7.3.1/../../../arm-none-eabi/lib/thumb/v7e-m/crt0.o (memset)
/usr/lib/gcc/arm-none-eabi/7.3.1/../../../arm-none-eabi/lib/thumb/v7e-m/libc.a(lib_a-mlock.o)
                              /usr/lib/gcc/arm-none-eabi/7.3.1/../../../arm-none-eabi/lib/thumb/v7e-m/libc.a(lib_a-mallocr.o) (__malloc_lock)
/usr/lib/gcc/arm-none-eabi/7.3.1/../../../arm-none-eabi/lib/thumb/v7e-m/libc.a(lib_a-sbrkr.o)
                              /usr/lib/gcc/arm-none-eabi/7.3.1/../../../arm-none-eabi/lib/thumb/v7e-m/libc.a(lib_a-mallocr.o) (_sbrk_r)
/usr/lib/gcc/arm-none-eabi/7.3.1/../../../arm-none-eabi/lib/thumb/v7e-m/libc.a(lib_a-__atexit.o)
                              /usr/lib/gcc/arm-none-eabi/7.3.1/../../../arm-none-eabi/lib/thumb/v7e-m/libc.a(lib_a-atexit.o) (__register_exitproc)
/usr/lib/gcc/arm-none-eabi/7.3.1/../../../arm-none-eabi/lib/thumb/v7e-m/libc.a(lib_a-__call_atexit.o)
                              /usr/lib/gcc/arm-none-eabi/7.3.1/../../../arm-none-eabi/lib/thumb/v7e-m/libc.a(lib_a-exit.o) (__call_exitprocs)
/usr/lib/gcc/arm-none-eabi/7.3.1/../../../arm-none-eabi/lib/thumb/v7e-m/libc.a(lib_a-freer.o)
                              /usr/lib/gcc/arm-none-eabi/7.3.1/../../../arm-none-eabi/lib/thumb/v7e-m/libc.a(lib_a-malloc.o) (_free_r)
/usr/lib/gcc/arm-none-eabi/7.3.1/../../../arm-none-eabi/lib/thumb/v7e-m/libc.a(lib_a-reent.o)
                              /usr/lib/gcc/arm-none-eabi/7.3.1/../../../arm-none-eabi/lib/thumb/v7e-m/libc.a(lib_a-sbrkr.o) (errno)

Allocating common symbols
Common symbol       size              file

errno               0x4               /usr/lib/gcc/arm-none-eabi/7.3.1/../../../arm-none-eabi/lib/thumb/v7e-m/libc.a(lib_a-reent.o)

Discarded input sections

 .text          0x0000000000000000        0x0 /usr/lib/gcc/arm-none-eabi/7.3.1/thumb/v7e-m/crti.o
 .data          0x0000000000000000        0x0 /usr/lib/gcc/arm-none-eabi/7.3.1/thumb/v7e-m/crti.o
 .bss           0x0000000000000000        0x0 /usr/lib/gcc/arm-none-eabi/7.3.1/thumb/v7e-m/crti.o
 .data          0x0000000000000000        0x4 /usr/lib/gcc/arm-none-eabi/7.3.1/thumb/v7e-m/crtbegin.o
 .text          0x0000000000000000       0x68 /usr/lib/gcc/arm-none-eabi/7.3.1/../../../arm-none-eabi/lib/thumb/v7e-m/crt0.o
[...]
Memory Configuration

Name             Origin             Length             Attributes
RAM              0x0000000020000000 0x0000000000080000 xrw
FLASH            0x0000000008000000 0x0000000000200000 xr
*default*        0x0000000000000000 0xffffffffffffffff

Linker script and memory map

LOAD /usr/lib/gcc/arm-none-eabi/7.3.1/thumb/v7e-m/crti.o
LOAD /usr/lib/gcc/arm-none-eabi/7.3.1/thumb/v7e-m/crtbegin.o
LOAD /usr/lib/gcc/arm-none-eabi/7.3.1/../../../arm-none-eabi/lib/thumb/v7e-m/crt0.o
LOAD CMakeFiles/s2500-image-capture-f7.elf.dir/Core/Src/main.c.obj
LOAD CMakeFiles/s2500-image-capture-f7.elf.dir/Core/Src/stm32f7xx_hal_msp.c.obj
LOAD CMakeFiles/s2500-image-capture-f7.elf.dir/Core/Src/stm32f7xx_it.c.obj
LOAD CMakeFiles/s2500-image-capture-f7.elf.dir/Core/Src/syscalls.c.obj
LOAD CMakeFiles/s2500-image-capture-f7.elf.dir/Core/Src/system_stm32f7xx.c.obj
LOAD CMakeFiles/s2500-image-capture-f7.elf.dir/Drivers/STM32F7xx_HAL_Driver/Src/stm32f7xx_hal.c.obj
LOAD CMakeFiles/s2500-image-capture-f7.elf.dir/Drivers/STM32F7xx_HAL_Driver/Src/stm32f7xx_hal_adc.c.obj
LOAD CMakeFiles/s2500-image-capture-f7.elf.dir/Drivers/STM32F7xx_HAL_Driver/Src/stm32f7xx_hal_adc_ex.c.obj
LOAD CMakeFiles/s2500-image-capture-f7.elf.dir/Drivers/STM32F7xx_HAL_Driver/Src/stm32f7xx_hal_cortex.c.obj
LOAD CMakeFiles/s2500-image-capture-f7.elf.dir/Drivers/STM32F7xx_HAL_Driver/Src/stm32f7xx_hal_dma.c.obj
LOAD CMakeFiles/s2500-image-capture-f7.elf.dir/Drivers/STM32F7xx_HAL_Driver/Src/stm32f7xx_hal_dma_ex.c.obj
LOAD CMakeFiles/s2500-image-capture-f7.elf.dir/Drivers/STM32F7xx_HAL_Driver/Src/stm32f7xx_hal_exti.c.obj
LOAD CMakeFiles/s2500-image-capture-f7.elf.dir/Drivers/STM32F7xx_HAL_Driver/Src/stm32f7xx_hal_flash.c.obj
LOAD CMakeFiles/s2500-image-capture-f7.elf.dir/Drivers/STM32F7xx_HAL_Driver/Src/stm32f7xx_hal_flash_ex.c.obj
LOAD CMakeFiles/s2500-image-capture-f7.elf.dir/Drivers/STM32F7xx_HAL_Driver/Src/stm32f7xx_hal_gpio.c.obj
LOAD CMakeFiles/s2500-image-capture-f7.elf.dir/Drivers/STM32F7xx_HAL_Driver/Src/stm32f7xx_hal_i2c.c.obj
LOAD CMakeFiles/s2500-image-capture-f7.elf.dir/Drivers/STM32F7xx_HAL_Driver/Src/stm32f7xx_hal_i2c_ex.c.obj
LOAD CMakeFiles/s2500-image-capture-f7.elf.dir/Drivers/STM32F7xx_HAL_Driver/Src/stm32f7xx_hal_pcd.c.obj
LOAD CMakeFiles/s2500-image-capture-f7.elf.dir/Drivers/STM32F7xx_HAL_Driver/Src/stm32f7xx_hal_pcd_ex.c.obj
LOAD CMakeFiles/s2500-image-capture-f7.elf.dir/Drivers/STM32F7xx_HAL_Driver/Src/stm32f7xx_hal_pwr.c.obj
LOAD CMakeFiles/s2500-image-capture-f7.elf.dir/Drivers/STM32F7xx_HAL_Driver/Src/stm32f7xx_hal_pwr_ex.c.obj
LOAD CMakeFiles/s2500-image-capture-f7.elf.dir/Drivers/STM32F7xx_HAL_Driver/Src/stm32f7xx_hal_rcc.c.obj
LOAD CMakeFiles/s2500-image-capture-f7.elf.dir/Drivers/STM32F7xx_HAL_Driver/Src/stm32f7xx_hal_rcc_ex.c.obj
LOAD CMakeFiles/s2500-image-capture-f7.elf.dir/Drivers/STM32F7xx_HAL_Driver/Src/stm32f7xx_hal_tim.c.obj
LOAD CMakeFiles/s2500-image-capture-f7.elf.dir/Drivers/STM32F7xx_HAL_Driver/Src/stm32f7xx_hal_tim_ex.c.obj
LOAD CMakeFiles/s2500-image-capture-f7.elf.dir/Drivers/STM32F7xx_HAL_Driver/Src/stm32f7xx_ll_usb.c.obj
LOAD CMakeFiles/s2500-image-capture-f7.elf.dir/Middlewares/ST/STM32_USB_Device_Library/Class/CDC/Src/usbd_cdc.c.obj
LOAD CMakeFiles/s2500-image-capture-f7.elf.dir/Middlewares/ST/STM32_USB_Device_Library/Core/Src/usbd_core.c.obj
LOAD CMakeFiles/s2500-image-capture-f7.elf.dir/Middlewares/ST/STM32_USB_Device_Library/Core/Src/usbd_ctlreq.c.obj
LOAD CMakeFiles/s2500-image-capture-f7.elf.dir/Middlewares/ST/STM32_USB_Device_Library/Core/Src/usbd_ioreq.c.obj
LOAD CMakeFiles/s2500-image-capture-f7.elf.dir/USB_DEVICE/App/usb_device.c.obj
LOAD CMakeFiles/s2500-image-capture-f7.elf.dir/USB_DEVICE/App/usbd_cdc_if.c.obj
LOAD CMakeFiles/s2500-image-capture-f7.elf.dir/USB_DEVICE/App/usbd_desc.c.obj
LOAD CMakeFiles/s2500-image-capture-f7.elf.dir/USB_DEVICE/Target/usbd_conf.c.obj
LOAD CMakeFiles/s2500-image-capture-f7.elf.dir/startup/startup_stm32f769xx.s.obj
START GROUP
LOAD /usr/lib/gcc/arm-none-eabi/7.3.1/thumb/v7e-m/libgcc.a
LOAD /usr/lib/gcc/arm-none-eabi/7.3.1/../../../arm-none-eabi/lib/thumb/v7e-m/libc.a
END GROUP
LOAD /usr/lib/gcc/arm-none-eabi/7.3.1/thumb/v7e-m/crtend.o
LOAD /usr/lib/gcc/arm-none-eabi/7.3.1/thumb/v7e-m/crtn.o
                0x0000000020080000                _estack = 0x20080000
                0x0000000000000200                _Min_Heap_Size = 0x200
                0x0000000000000400                _Min_Stack_Size = 0x400

.isr_vector     0x0000000008000000      0x1f8
                0x0000000008000000                . = ALIGN (0x4)
 *(.isr_vector)
 .isr_vector    0x0000000008000000      0x1f8 CMakeFiles/s2500-image-capture-f7.elf.dir/startup/startup_stm32f769xx.s.obj
                0x0000000008000000                g_pfnVectors
                0x00000000080001f8                . = ALIGN (0x4)

.text           0x00000000080001f8     0x557c
                0x00000000080001f8                . = ALIGN (0x4)
 *(.text)
 .text          0x00000000080001f8       0x88 /usr/lib/gcc/arm-none-eabi/7.3.1/thumb/v7e-m/crtbegin.o
 .text          0x0000000008000280       0x30 /usr/lib/gcc/arm-none-eabi/7.3.1/thumb/v7e-m/libgcc.a(_aeabi_uldivmod.o)
                0x0000000008000280                __aeabi_uldivmod
 .text          0x00000000080002b0      0x2cc /usr/lib/gcc/arm-none-eabi/7.3.1/thumb/v7e-m/libgcc.a(_udivmoddi4.o)
                0x00000000080002b0                __udivmoddi4
 .text          0x000000000800057c        0x4 /usr/lib/gcc/arm-none-eabi/7.3.1/thumb/v7e-m/libgcc.a(_dvmd_tls.o)
                0x000000000800057c                __aeabi_ldiv0
                0x000000000800057c                __aeabi_idiv0
 .text          0x0000000008000580        0xc /usr/lib/gcc/arm-none-eabi/7.3.1/../../../arm-none-eabi/lib/thumb/v7e-m/libc.a(lib_a-atexit.o)
                0x0000000008000580                atexit
 .text          0x000000000800058c        0xc /usr/lib/gcc/arm-none-eabi/7.3.1/../../../arm-none-eabi/lib/thumb/v7e-m/libc.a(lib_a-errno.o)
                0x000000000800058c                __errno
 .text          0x0000000008000598       0x34 /usr/lib/gcc/arm-none-eabi/7.3.1/../../../arm-none-eabi/lib/thumb/v7e-m/libc.a(lib_a-fini.o)
                0x0000000008000598                __libc_fini_array
 .text          0x00000000080005cc       0x48 /usr/lib/gcc/arm-none-eabi/7.3.1/../../../arm-none-eabi/lib/thumb/v7e-m/libc.a(lib_a-init.o)
                0x00000000080005cc                __libc_init_array
 .text          0x0000000008000614       0x20 /usr/lib/gcc/arm-none-eabi/7.3.1/../../../arm-none-eabi/lib/thumb/v7e-m/libc.a(lib_a-malloc.o)
                0x0000000008000614                malloc
                0x0000000008000624                free
 .text          0x0000000008000634      0x568 /usr/lib/gcc/arm-none-eabi/7.3.1/../../../arm-none-eabi/lib/thumb/v7e-m/libc.a(lib_a-mallocr.o)
                0x0000000008000634                _malloc_r
 .text          0x0000000008000b9c        0x8 /usr/lib/gcc/arm-none-eabi/7.3.1/../../../arm-none-eabi/lib/thumb/v7e-m/libc.a(lib_a-mlock.o)
                0x0000000008000b9c                __malloc_lock
                0x0000000008000ba0                __malloc_unlock
 .text          0x0000000008000ba4       0x24 /usr/lib/gcc/arm-none-eabi/7.3.1/../../../arm-none-eabi/lib/thumb/v7e-m/libc.a(lib_a-sbrkr.o)
                0x0000000008000ba4                _sbrk_r
 .text          0x0000000008000bc8       0x68 /usr/lib/gcc/arm-none-eabi/7.3.1/../../../arm-none-eabi/lib/thumb/v7e-m/libc.a(lib_a-__atexit.o)
                0x0000000008000bc8                __register_exitproc
 .text          0x0000000008000c30      0x288 /usr/lib/gcc/arm-none-eabi/7.3.1/../../../arm-none-eabi/lib/thumb/v7e-m/libc.a(lib_a-freer.o)
                0x0000000008000c30                _malloc_trim_r
                0x0000000008000cd0                _free_r
 *(.text*)
 .text.SystemClock_Config
                0x0000000008000eb8       0xa4 CMakeFiles/s2500-image-capture-f7.elf.dir/Core/Src/main.c.obj
                0x0000000008000eb8                SystemClock_Config
 .text.startup.main
                0x0000000008000f5c      0x3e0 CMakeFiles/s2500-image-capture-f7.elf.dir/Core/Src/main.c.obj
                0x0000000008000f5c                main
 .text.HAL_ADC_ConvCpltCallback
                0x000000000800133c       0x84 CMakeFiles/s2500-image-capture-f7.elf.dir/Core/Src/main.c.obj
                0x000000000800133c                HAL_ADC_ConvCpltCallback
 .text.HAL_ADC_ErrorCallback
                0x00000000080013c0       0x20 CMakeFiles/s2500-image-capture-f7.elf.dir/Core/Src/main.c.obj
                0x00000000080013c0                HAL_ADC_ErrorCallback
 .text.Error_Handler
                0x00000000080013e0        0x4 CMakeFiles/s2500-image-capture-f7.elf.dir/Core/Src/main.c.obj
                0x00000000080013e0                Error_Handler
 .text.HAL_MspInit
                0x00000000080013e4       0x30 CMakeFiles/s2500-image-capture-f7.elf.dir/Core/Src/stm32f7xx_hal_msp.c.obj
                0x00000000080013e4                HAL_MspInit
 .text.HAL_ADC_MspInit
                0x0000000008001414       0xc4 CMakeFiles/s2500-image-capture-f7.elf.dir/Core/Src/stm32f7xx_hal_msp.c.obj
                0x0000000008001414                HAL_ADC_MspInit
 .text.HAL_TIM_Base_MspInit
                0x00000000080014d8       0x40 CMakeFiles/s2500-image-capture-f7.elf.dir/Core/Src/stm32f7xx_hal_msp.c.obj
                0x00000000080014d8                HAL_TIM_Base_MspInit
 .text.NMI_Handler
                0x0000000008001518        0x4 CMakeFiles/s2500-image-capture-f7.elf.dir/Core/Src/stm32f7xx_it.c.obj
                0x0000000008001518                NMI_Handler
 .text.HardFault_Handler
                0x000000000800151c        0x4 CMakeFiles/s2500-image-capture-f7.elf.dir/Core/Src/stm32f7xx_it.c.obj
                0x000000000800151c                HardFault_Handler
 .text.MemManage_Handler
                0x0000000008001520        0x4 CMakeFiles/s2500-image-capture-f7.elf.dir/Core/Src/stm32f7xx_it.c.obj
                0x0000000008001520                MemManage_Handler
 .text.BusFault_Handler
                0x0000000008001524        0x4 CMakeFiles/s2500-image-capture-f7.elf.dir/Core/Src/stm32f7xx_it.c.obj
                0x0000000008001524                BusFault_Handler
 .text.UsageFault_Handler
                0x0000000008001528        0x4 CMakeFiles/s2500-image-capture-f7.elf.dir/Core/Src/stm32f7xx_it.c.obj
                0x0000000008001528                UsageFault_Handler
 .text.SVC_Handler
                0x000000000800152c        0x4 CMakeFiles/s2500-image-capture-f7.elf.dir/Core/Src/stm32f7xx_it.c.obj
                0x000000000800152c                SVC_Handler
 .text.DebugMon_Handler
                0x0000000008001530        0x4 CMakeFiles/s2500-image-capture-f7.elf.dir/Core/Src/stm32f7xx_it.c.obj
                0x0000000008001530                DebugMon_Handler
 .text.PendSV_Handler
                0x0000000008001534        0x4 CMakeFiles/s2500-image-capture-f7.elf.dir/Core/Src/stm32f7xx_it.c.obj
                0x0000000008001534                PendSV_Handler
 .text.SysTick_Handler
                0x0000000008001538        0x4 CMakeFiles/s2500-image-capture-f7.elf.dir/Core/Src/stm32f7xx_it.c.obj
                0x0000000008001538                SysTick_Handler
 .text.EXTI0_IRQHandler
                0x000000000800153c       0x14 CMakeFiles/s2500-image-capture-f7.elf.dir/Core/Src/stm32f7xx_it.c.obj
                0x000000000800153c                EXTI0_IRQHandler
 .text.ADC_IRQHandler
                0x0000000008001550        0xc CMakeFiles/s2500-image-capture-f7.elf.dir/Core/Src/stm32f7xx_it.c.obj
                0x0000000008001550                ADC_IRQHandler
 .text.TIM7_IRQHandler
                0x000000000800155c       0x18 CMakeFiles/s2500-image-capture-f7.elf.dir/Core/Src/stm32f7xx_it.c.obj
                0x000000000800155c                TIM7_IRQHandler
 .text.DMA2_Stream0_IRQHandler
                0x0000000008001574        0xc CMakeFiles/s2500-image-capture-f7.elf.dir/Core/Src/stm32f7xx_it.c.obj
                0x0000000008001574                DMA2_Stream0_IRQHandler
 .text.OTG_HS_IRQHandler
                0x0000000008001580        0xc CMakeFiles/s2500-image-capture-f7.elf.dir/Core/Src/stm32f7xx_it.c.obj
                0x0000000008001580                OTG_HS_IRQHandler
 .text._sbrk    0x000000000800158c       0x3c CMakeFiles/s2500-image-capture-f7.elf.dir/Core/Src/syscalls.c.obj
                0x000000000800158c                _sbrk
 .text.SystemInit
                0x00000000080015c8        0x4 CMakeFiles/s2500-image-capture-f7.elf.dir/Core/Src/system_stm32f7xx.c.obj
                0x00000000080015c8                SystemInit
 .text.HAL_InitTick
                0x00000000080015cc       0x48 CMakeFiles/s2500-image-capture-f7.elf.dir/Drivers/STM32F7xx_HAL_Driver/Src/stm32f7xx_hal.c.obj
                0x00000000080015cc                HAL_InitTick
 .text.HAL_Init
                0x0000000008001614       0x18 CMakeFiles/s2500-image-capture-f7.elf.dir/Drivers/STM32F7xx_HAL_Driver/Src/stm32f7xx_hal.c.obj
                0x0000000008001614                HAL_Init
 .text.HAL_IncTick
                0x000000000800162c       0x18 CMakeFiles/s2500-image-capture-f7.elf.dir/Drivers/STM32F7xx_HAL_Driver/Src/stm32f7xx_hal.c.obj
                0x000000000800162c                HAL_IncTick
 .text.HAL_GetTick
                0x0000000008001644        0xc CMakeFiles/s2500-image-capture-f7.elf.dir/Drivers/STM32F7xx_HAL_Driver/Src/stm32f7xx_hal.c.obj
                0x0000000008001644                HAL_GetTick
 .text.HAL_Delay
                0x0000000008001650       0x24 CMakeFiles/s2500-image-capture-f7.elf.dir/Drivers/STM32F7xx_HAL_Driver/Src/stm32f7xx_hal.c.obj
                0x0000000008001650                HAL_Delay
 .text.HAL_ADC_Init
                0x0000000008001674      0x16c CMakeFiles/s2500-image-capture-f7.elf.dir/Drivers/STM32F7xx_HAL_Driver/Src/stm32f7xx_hal_adc.c.obj
                0x0000000008001674                HAL_ADC_Init
 .text.HAL_ADC_Start_DMA
                0x00000000080017e0      0x164 CMakeFiles/s2500-image-capture-f7.elf.dir/Drivers/STM32F7xx_HAL_Driver/Src/stm32f7xx_hal_adc.c.obj
                0x00000000080017e0                HAL_ADC_Start_DMA
 .text.HAL_ADC_Stop_DMA
                0x0000000008001944       0x7c CMakeFiles/s2500-image-capture-f7.elf.dir/Drivers/STM32F7xx_HAL_Driver/Src/stm32f7xx_hal_adc.c.obj
                0x0000000008001944                HAL_ADC_Stop_DMA
 .text.HAL_ADC_ConvHalfCpltCallback
                0x00000000080019c0        0x4 CMakeFiles/s2500-image-capture-f7.elf.dir/Drivers/STM32F7xx_HAL_Driver/Src/stm32f7xx_hal_adc.c.obj
                0x00000000080019c0                HAL_ADC_ConvHalfCpltCallback
 .text.ADC_DMAHalfConvCplt
                0x00000000080019c4        0xc CMakeFiles/s2500-image-capture-f7.elf.dir/Drivers/STM32F7xx_HAL_Driver/Src/stm32f7xx_hal_adc.c.obj
 .text.HAL_ADC_LevelOutOfWindowCallback
                0x00000000080019d0        0x4 CMakeFiles/s2500-image-capture-f7.elf.dir/Drivers/STM32F7xx_HAL_Driver/Src/stm32f7xx_hal_adc.c.obj
                0x00000000080019d0                HAL_ADC_LevelOutOfWindowCallback
 .text.HAL_ADC_IRQHandler
                0x00000000080019d4      0x130 CMakeFiles/s2500-image-capture-f7.elf.dir/Drivers/STM32F7xx_HAL_Driver/Src/stm32f7xx_hal_adc.c.obj
                0x00000000080019d4                HAL_ADC_IRQHandler
 .text.ADC_DMAError
                0x0000000008001b04       0x18 CMakeFiles/s2500-image-capture-f7.elf.dir/Drivers/STM32F7xx_HAL_Driver/Src/stm32f7xx_hal_adc.c.obj
 .text.ADC_DMAConvCplt
                0x0000000008001b1c       0x6c CMakeFiles/s2500-image-capture-f7.elf.dir/Drivers/STM32F7xx_HAL_Driver/Src/stm32f7xx_hal_adc.c.obj
 .text.HAL_ADC_ConfigChannel
                0x0000000008001b88      0x180 CMakeFiles/s2500-image-capture-f7.elf.dir/Drivers/STM32F7xx_HAL_Driver/Src/stm32f7xx_hal_adc.c.obj
                0x0000000008001b88                HAL_ADC_ConfigChannel
 .text.HAL_ADCEx_InjectedConvCpltCallback
                0x0000000008001d08        0x4 CMakeFiles/s2500-image-capture-f7.elf.dir/Drivers/STM32F7xx_HAL_Driver/Src/stm32f7xx_hal_adc_ex.c.obj
                0x0000000008001d08                HAL_ADCEx_InjectedConvCpltCallback
 .text.HAL_NVIC_SetPriorityGrouping
                0x0000000008001d0c       0x28 CMakeFiles/s2500-image-capture-f7.elf.dir/Drivers/STM32F7xx_HAL_Driver/Src/stm32f7xx_hal_cortex.c.obj
                0x0000000008001d0c                HAL_NVIC_SetPriorityGrouping
 .text.HAL_NVIC_SetPriority
                0x0000000008001d34       0x6c CMakeFiles/s2500-image-capture-f7.elf.dir/Drivers/STM32F7xx_HAL_Driver/Src/stm32f7xx_hal_cortex.c.obj
                0x0000000008001d34                HAL_NVIC_SetPriority
 .text.HAL_NVIC_EnableIRQ
                0x0000000008001da0       0x1c CMakeFiles/s2500-image-capture-f7.elf.dir/Drivers/STM32F7xx_HAL_Driver/Src/stm32f7xx_hal_cortex.c.obj
                0x0000000008001da0                HAL_NVIC_EnableIRQ
 .text.HAL_SYSTICK_Config
                0x0000000008001dbc       0x30 CMakeFiles/s2500-image-capture-f7.elf.dir/Drivers/STM32F7xx_HAL_Driver/Src/stm32f7xx_hal_cortex.c.obj
                0x0000000008001dbc                HAL_SYSTICK_Config
 .text.HAL_DMA_Init
                0x0000000008001dec      0x138 CMakeFiles/s2500-image-capture-f7.elf.dir/Drivers/STM32F7xx_HAL_Driver/Src/stm32f7xx_hal_dma.c.obj
                0x0000000008001dec                HAL_DMA_Init
 .text.HAL_DMA_Start_IT
                0x0000000008001f24       0x8c CMakeFiles/s2500-image-capture-f7.elf.dir/Drivers/STM32F7xx_HAL_Driver/Src/stm32f7xx_hal_dma.c.obj
                0x0000000008001f24                HAL_DMA_Start_IT
 .text.HAL_DMA_Abort
                0x0000000008001fb0       0x90 CMakeFiles/s2500-image-capture-f7.elf.dir/Drivers/STM32F7xx_HAL_Driver/Src/stm32f7xx_hal_dma.c.obj
                0x0000000008001fb0                HAL_DMA_Abort
 .text.HAL_DMA_IRQHandler
                0x0000000008002040      0x1ac CMakeFiles/s2500-image-capture-f7.elf.dir/Drivers/STM32F7xx_HAL_Driver/Src/stm32f7xx_hal_dma.c.obj
                0x0000000008002040                HAL_DMA_IRQHandler
 .text.HAL_GPIO_Init
                0x00000000080021ec      0x20c CMakeFiles/s2500-image-capture-f7.elf.dir/Drivers/STM32F7xx_HAL_Driver/Src/stm32f7xx_hal_gpio.c.obj
                0x00000000080021ec                HAL_GPIO_Init
 .text.HAL_GPIO_ReadPin
                0x00000000080023f8        0xc CMakeFiles/s2500-image-capture-f7.elf.dir/Drivers/STM32F7xx_HAL_Driver/Src/stm32f7xx_hal_gpio.c.obj
                0x00000000080023f8                HAL_GPIO_ReadPin
 .text.HAL_GPIO_WritePin
                0x0000000008002404        0x8 CMakeFiles/s2500-image-capture-f7.elf.dir/Drivers/STM32F7xx_HAL_Driver/Src/stm32f7xx_hal_gpio.c.obj
                0x0000000008002404                HAL_GPIO_WritePin
 .text.HAL_GPIO_EXTI_Callback
                0x000000000800240c        0x4 CMakeFiles/s2500-image-capture-f7.elf.dir/Drivers/STM32F7xx_HAL_Driver/Src/stm32f7xx_hal_gpio.c.obj
                0x000000000800240c                HAL_GPIO_EXTI_Callback
 .text.HAL_GPIO_EXTI_IRQHandler
                0x0000000008002410       0x18 CMakeFiles/s2500-image-capture-f7.elf.dir/Drivers/STM32F7xx_HAL_Driver/Src/stm32f7xx_hal_gpio.c.obj
                0x0000000008002410                HAL_GPIO_EXTI_IRQHandler
 .text.HAL_PCD_Init
                0x0000000008002428      0x130 CMakeFiles/s2500-image-capture-f7.elf.dir/Drivers/STM32F7xx_HAL_Driver/Src/stm32f7xx_hal_pcd.c.obj
                0x0000000008002428                HAL_PCD_Init
 .text.HAL_PCD_Start
                0x0000000008002558       0x2c CMakeFiles/s2500-image-capture-f7.elf.dir/Drivers/STM32F7xx_HAL_Driver/Src/stm32f7xx_hal_pcd.c.obj
                0x0000000008002558                HAL_PCD_Start
 .text.HAL_PCD_IRQHandler
                0x0000000008002584      0x670 CMakeFiles/s2500-image-capture-f7.elf.dir/Drivers/STM32F7xx_HAL_Driver/Src/stm32f7xx_hal_pcd.c.obj
                0x0000000008002584                HAL_PCD_IRQHandler
 .text.HAL_PCD_SetAddress
                0x0000000008002bf4       0x28 CMakeFiles/s2500-image-capture-f7.elf.dir/Drivers/STM32F7xx_HAL_Driver/Src/stm32f7xx_hal_pcd.c.obj
                0x0000000008002bf4                HAL_PCD_SetAddress
 .text.HAL_PCD_EP_Open
                0x0000000008002c1c       0x74 CMakeFiles/s2500-image-capture-f7.elf.dir/Drivers/STM32F7xx_HAL_Driver/Src/stm32f7xx_hal_pcd.c.obj
                0x0000000008002c1c                HAL_PCD_EP_Open
 .text.HAL_PCD_EP_Close
                0x0000000008002c90       0x68 CMakeFiles/s2500-image-capture-f7.elf.dir/Drivers/STM32F7xx_HAL_Driver/Src/stm32f7xx_hal_pcd.c.obj
                0x0000000008002c90                HAL_PCD_EP_Close
 .text.HAL_PCD_EP_Receive
                0x0000000008002cf8       0x50 CMakeFiles/s2500-image-capture-f7.elf.dir/Drivers/STM32F7xx_HAL_Driver/Src/stm32f7xx_hal_pcd.c.obj
                0x0000000008002cf8                HAL_PCD_EP_Receive
 .text.HAL_PCD_EP_GetRxCount
                0x0000000008002d48       0x14 CMakeFiles/s2500-image-capture-f7.elf.dir/Drivers/STM32F7xx_HAL_Driver/Src/stm32f7xx_hal_pcd.c.obj
                0x0000000008002d48                HAL_PCD_EP_GetRxCount
 .text.HAL_PCD_EP_Transmit
                0x0000000008002d5c       0x48 CMakeFiles/s2500-image-capture-f7.elf.dir/Drivers/STM32F7xx_HAL_Driver/Src/stm32f7xx_hal_pcd.c.obj
                0x0000000008002d5c                HAL_PCD_EP_Transmit
 .text.HAL_PCD_EP_SetStall
                0x0000000008002da4       0x88 CMakeFiles/s2500-image-capture-f7.elf.dir/Drivers/STM32F7xx_HAL_Driver/Src/stm32f7xx_hal_pcd.c.obj
                0x0000000008002da4                HAL_PCD_EP_SetStall
 .text.HAL_PCD_EP_ClrStall
                0x0000000008002e2c       0x78 CMakeFiles/s2500-image-capture-f7.elf.dir/Drivers/STM32F7xx_HAL_Driver/Src/stm32f7xx_hal_pcd.c.obj
                0x0000000008002e2c                HAL_PCD_EP_ClrStall
 .text.HAL_PCDEx_SetTxFiFo
                0x0000000008002ea4       0x48 CMakeFiles/s2500-image-capture-f7.elf.dir/Drivers/STM32F7xx_HAL_Driver/Src/stm32f7xx_hal_pcd_ex.c.obj
                0x0000000008002ea4                HAL_PCDEx_SetTxFiFo
 .text.HAL_PCDEx_SetRxFiFo
                0x0000000008002eec        0x8 CMakeFiles/s2500-image-capture-f7.elf.dir/Drivers/STM32F7xx_HAL_Driver/Src/stm32f7xx_hal_pcd_ex.c.obj
                0x0000000008002eec                HAL_PCDEx_SetRxFiFo
 .text.HAL_PCDEx_ActivateLPM
                0x0000000008002ef4       0x2c CMakeFiles/s2500-image-capture-f7.elf.dir/Drivers/STM32F7xx_HAL_Driver/Src/stm32f7xx_hal_pcd_ex.c.obj
                0x0000000008002ef4                HAL_PCDEx_ActivateLPM
 .text.HAL_RCC_OscConfig
                0x0000000008002f20      0x3a4 CMakeFiles/s2500-image-capture-f7.elf.dir/Drivers/STM32F7xx_HAL_Driver/Src/stm32f7xx_hal_rcc.c.obj
                0x0000000008002f20                HAL_RCC_OscConfig
 .text.HAL_RCC_ClockConfig
                0x00000000080032c4      0x198 CMakeFiles/s2500-image-capture-f7.elf.dir/Drivers/STM32F7xx_HAL_Driver/Src/stm32f7xx_hal_rcc.c.obj
                0x00000000080032c4                HAL_RCC_ClockConfig
 .text.HAL_RCC_GetHCLKFreq
                0x000000000800345c        0xc CMakeFiles/s2500-image-capture-f7.elf.dir/Drivers/STM32F7xx_HAL_Driver/Src/stm32f7xx_hal_rcc.c.obj
                0x000000000800345c                HAL_RCC_GetHCLKFreq
 .text.HAL_TIM_Base_Init
                0x0000000008003468      0x134 CMakeFiles/s2500-image-capture-f7.elf.dir/Drivers/STM32F7xx_HAL_Driver/Src/stm32f7xx_hal_tim.c.obj
                0x0000000008003468                HAL_TIM_Base_Init
 .text.HAL_TIM_Base_Start_IT
                0x000000000800359c       0xb8 CMakeFiles/s2500-image-capture-f7.elf.dir/Drivers/STM32F7xx_HAL_Driver/Src/stm32f7xx_hal_tim.c.obj
                0x000000000800359c                HAL_TIM_Base_Start_IT
 .text.HAL_TIM_Base_Stop_IT
                0x0000000008003654       0x34 CMakeFiles/s2500-image-capture-f7.elf.dir/Drivers/STM32F7xx_HAL_Driver/Src/stm32f7xx_hal_tim.c.obj
                0x0000000008003654                HAL_TIM_Base_Stop_IT
 .text.HAL_TIM_PeriodElapsedCallback
                0x0000000008003688        0x4 CMakeFiles/s2500-image-capture-f7.elf.dir/Drivers/STM32F7xx_HAL_Driver/Src/stm32f7xx_hal_tim.c.obj
                0x0000000008003688                HAL_TIM_PeriodElapsedCallback
 .text.HAL_TIM_OC_DelayElapsedCallback
                0x000000000800368c        0x4 CMakeFiles/s2500-image-capture-f7.elf.dir/Drivers/STM32F7xx_HAL_Driver/Src/stm32f7xx_hal_tim.c.obj
                0x000000000800368c                HAL_TIM_OC_DelayElapsedCallback
 .text.HAL_TIM_IC_CaptureCallback
                0x0000000008003690        0x4 CMakeFiles/s2500-image-capture-f7.elf.dir/Drivers/STM32F7xx_HAL_Driver/Src/stm32f7xx_hal_tim.c.obj
                0x0000000008003690                HAL_TIM_IC_CaptureCallback
 .text.HAL_TIM_PWM_PulseFinishedCallback
                0x0000000008003694        0x4 CMakeFiles/s2500-image-capture-f7.elf.dir/Drivers/STM32F7xx_HAL_Driver/Src/stm32f7xx_hal_tim.c.obj
                0x0000000008003694                HAL_TIM_PWM_PulseFinishedCallback
 .text.HAL_TIM_TriggerCallback
                0x0000000008003698        0x4 CMakeFiles/s2500-image-capture-f7.elf.dir/Drivers/STM32F7xx_HAL_Driver/Src/stm32f7xx_hal_tim.c.obj
                0x0000000008003698                HAL_TIM_TriggerCallback
 .text.HAL_TIM_IRQHandler
                0x000000000800369c      0x170 CMakeFiles/s2500-image-capture-f7.elf.dir/Drivers/STM32F7xx_HAL_Driver/Src/stm32f7xx_hal_tim.c.obj
                0x000000000800369c                HAL_TIM_IRQHandler
 .text.HAL_TIMEx_MasterConfigSynchronization
                0x000000000800380c       0xc0 CMakeFiles/s2500-image-capture-f7.elf.dir/Drivers/STM32F7xx_HAL_Driver/Src/stm32f7xx_hal_tim_ex.c.obj
                0x000000000800380c                HAL_TIMEx_MasterConfigSynchronization
 .text.HAL_TIMEx_CommutCallback
                0x00000000080038cc        0x4 CMakeFiles/s2500-image-capture-f7.elf.dir/Drivers/STM32F7xx_HAL_Driver/Src/stm32f7xx_hal_tim_ex.c.obj
                0x00000000080038cc                HAL_TIMEx_CommutCallback
 .text.HAL_TIMEx_BreakCallback
                0x00000000080038d0        0x4 CMakeFiles/s2500-image-capture-f7.elf.dir/Drivers/STM32F7xx_HAL_Driver/Src/stm32f7xx_hal_tim_ex.c.obj
                0x00000000080038d0                HAL_TIMEx_BreakCallback
 .text.HAL_TIMEx_Break2Callback
                0x00000000080038d4        0x4 CMakeFiles/s2500-image-capture-f7.elf.dir/Drivers/STM32F7xx_HAL_Driver/Src/stm32f7xx_hal_tim_ex.c.obj
                0x00000000080038d4                HAL_TIMEx_Break2Callback
 .text.USB_CoreInit
                0x00000000080038d8       0xd0 CMakeFiles/s2500-image-capture-f7.elf.dir/Drivers/STM32F7xx_HAL_Driver/Src/stm32f7xx_ll_usb.c.obj
                0x00000000080038d8                USB_CoreInit
 .text.USB_SetTurnaroundTime
                0x00000000080039a8       0xfc CMakeFiles/s2500-image-capture-f7.elf.dir/Drivers/STM32F7xx_HAL_Driver/Src/stm32f7xx_ll_usb.c.obj
                0x00000000080039a8                USB_SetTurnaroundTime
 .text.USB_EnableGlobalInt
                0x0000000008003aa4       0x10 CMakeFiles/s2500-image-capture-f7.elf.dir/Drivers/STM32F7xx_HAL_Driver/Src/stm32f7xx_ll_usb.c.obj
                0x0000000008003aa4                USB_EnableGlobalInt
 .text.USB_DisableGlobalInt
                0x0000000008003ab4       0x10 CMakeFiles/s2500-image-capture-f7.elf.dir/Drivers/STM32F7xx_HAL_Driver/Src/stm32f7xx_ll_usb.c.obj
                0x0000000008003ab4                USB_DisableGlobalInt
 .text.USB_SetCurrentMode
                0x0000000008003ac4       0x30 CMakeFiles/s2500-image-capture-f7.elf.dir/Drivers/STM32F7xx_HAL_Driver/Src/stm32f7xx_ll_usb.c.obj
                0x0000000008003ac4                USB_SetCurrentMode
 .text.USB_DevInit
                0x0000000008003af4      0x1d8 CMakeFiles/s2500-image-capture-f7.elf.dir/Drivers/STM32F7xx_HAL_Driver/Src/stm32f7xx_ll_usb.c.obj
                0x0000000008003af4                USB_DevInit
 .text.USB_FlushTxFifo
                0x0000000008003ccc       0x24 CMakeFiles/s2500-image-capture-f7.elf.dir/Drivers/STM32F7xx_HAL_Driver/Src/stm32f7xx_ll_usb.c.obj
                0x0000000008003ccc                USB_FlushTxFifo
 .text.USB_GetDevSpeed
                0x0000000008003cf0       0x18 CMakeFiles/s2500-image-capture-f7.elf.dir/Drivers/STM32F7xx_HAL_Driver/Src/stm32f7xx_ll_usb.c.obj
                0x0000000008003cf0                USB_GetDevSpeed
 .text.USB_ActivateEndpoint
                0x0000000008003d08       0x84 CMakeFiles/s2500-image-capture-f7.elf.dir/Drivers/STM32F7xx_HAL_Driver/Src/stm32f7xx_ll_usb.c.obj
                0x0000000008003d08                USB_ActivateEndpoint
 .text.USB_DeactivateEndpoint
                0x0000000008003d8c       0xbc CMakeFiles/s2500-image-capture-f7.elf.dir/Drivers/STM32F7xx_HAL_Driver/Src/stm32f7xx_ll_usb.c.obj
                0x0000000008003d8c                USB_DeactivateEndpoint
 .text.USB_EPStartXfer
                0x0000000008003e48      0x238 CMakeFiles/s2500-image-capture-f7.elf.dir/Drivers/STM32F7xx_HAL_Driver/Src/stm32f7xx_ll_usb.c.obj
                0x0000000008003e48                USB_EPStartXfer
 .text.USB_EP0StartXfer
                0x0000000008004080      0x114 CMakeFiles/s2500-image-capture-f7.elf.dir/Drivers/STM32F7xx_HAL_Driver/Src/stm32f7xx_ll_usb.c.obj
                0x0000000008004080                USB_EP0StartXfer
 .text.USB_WritePacket
                0x0000000008004194       0x2c CMakeFiles/s2500-image-capture-f7.elf.dir/Drivers/STM32F7xx_HAL_Driver/Src/stm32f7xx_ll_usb.c.obj
                0x0000000008004194                USB_WritePacket
 .text.USB_ReadPacket
                0x00000000080041c0       0x24 CMakeFiles/s2500-image-capture-f7.elf.dir/Drivers/STM32F7xx_HAL_Driver/Src/stm32f7xx_ll_usb.c.obj
                0x00000000080041c0                USB_ReadPacket
 .text.USB_EPSetStall
                0x00000000080041e4       0x60 CMakeFiles/s2500-image-capture-f7.elf.dir/Drivers/STM32F7xx_HAL_Driver/Src/stm32f7xx_ll_usb.c.obj
                0x00000000080041e4                USB_EPSetStall
 .text.USB_EPClearStall
                0x0000000008004244       0x58 CMakeFiles/s2500-image-capture-f7.elf.dir/Drivers/STM32F7xx_HAL_Driver/Src/stm32f7xx_ll_usb.c.obj
                0x0000000008004244                USB_EPClearStall
 .text.USB_SetDevAddress
                0x000000000800429c       0x24 CMakeFiles/s2500-image-capture-f7.elf.dir/Drivers/STM32F7xx_HAL_Driver/Src/stm32f7xx_ll_usb.c.obj
                0x000000000800429c                USB_SetDevAddress
 .text.USB_DevConnect
                0x00000000080042c0       0x20 CMakeFiles/s2500-image-capture-f7.elf.dir/Drivers/STM32F7xx_HAL_Driver/Src/stm32f7xx_ll_usb.c.obj
                0x00000000080042c0                USB_DevConnect
 .text.USB_DevDisconnect
                0x00000000080042e0       0x20 CMakeFiles/s2500-image-capture-f7.elf.dir/Drivers/STM32F7xx_HAL_Driver/Src/stm32f7xx_ll_usb.c.obj
                0x00000000080042e0                USB_DevDisconnect
 .text.USB_ReadInterrupts
                0x0000000008004300        0x8 CMakeFiles/s2500-image-capture-f7.elf.dir/Drivers/STM32F7xx_HAL_Driver/Src/stm32f7xx_ll_usb.c.obj
                0x0000000008004300                USB_ReadInterrupts
 .text.USB_ReadDevAllOutEpInterrupt
                0x0000000008004308       0x10 CMakeFiles/s2500-image-capture-f7.elf.dir/Drivers/STM32F7xx_HAL_Driver/Src/stm32f7xx_ll_usb.c.obj
                0x0000000008004308                USB_ReadDevAllOutEpInterrupt
 .text.USB_ReadDevAllInEpInterrupt
                0x0000000008004318       0x10 CMakeFiles/s2500-image-capture-f7.elf.dir/Drivers/STM32F7xx_HAL_Driver/Src/stm32f7xx_ll_usb.c.obj
                0x0000000008004318                USB_ReadDevAllInEpInterrupt
 .text.USB_ReadDevOutEPInterrupt
                0x0000000008004328       0x14 CMakeFiles/s2500-image-capture-f7.elf.dir/Drivers/STM32F7xx_HAL_Driver/Src/stm32f7xx_ll_usb.c.obj
                0x0000000008004328                USB_ReadDevOutEPInterrupt
 .text.USB_ReadDevInEPInterrupt
                0x000000000800433c       0x28 CMakeFiles/s2500-image-capture-f7.elf.dir/Drivers/STM32F7xx_HAL_Driver/Src/stm32f7xx_ll_usb.c.obj
                0x000000000800433c                USB_ReadDevInEPInterrupt
 .text.USB_GetMode
                0x0000000008004364        0x8 CMakeFiles/s2500-image-capture-f7.elf.dir/Drivers/STM32F7xx_HAL_Driver/Src/stm32f7xx_ll_usb.c.obj
                0x0000000008004364                USB_GetMode
 .text.USB_ActivateSetup
                0x000000000800436c       0x28 CMakeFiles/s2500-image-capture-f7.elf.dir/Drivers/STM32F7xx_HAL_Driver/Src/stm32f7xx_ll_usb.c.obj
                0x000000000800436c                USB_ActivateSetup
 .text.USB_EP0_OutStart
                0x0000000008004394       0x50 CMakeFiles/s2500-image-capture-f7.elf.dir/Drivers/STM32F7xx_HAL_Driver/Src/stm32f7xx_ll_usb.c.obj
                0x0000000008004394                USB_EP0_OutStart
 .text.USBD_CDC_EP0_RxReady
                0x00000000080043e4       0x2c CMakeFiles/s2500-image-capture-f7.elf.dir/Middlewares/ST/STM32_USB_Device_Library/Class/CDC/Src/usbd_cdc.c.obj
 .text.USBD_CDC_GetFSCfgDesc
                0x0000000008004410        0xc CMakeFiles/s2500-image-capture-f7.elf.dir/Middlewares/ST/STM32_USB_Device_Library/Class/CDC/Src/usbd_cdc.c.obj
 .text.USBD_CDC_GetHSCfgDesc
                0x000000000800441c        0xc CMakeFiles/s2500-image-capture-f7.elf.dir/Middlewares/ST/STM32_USB_Device_Library/Class/CDC/Src/usbd_cdc.c.obj
 .text.USBD_CDC_GetOtherSpeedCfgDesc
                0x0000000008004428        0xc CMakeFiles/s2500-image-capture-f7.elf.dir/Middlewares/ST/STM32_USB_Device_Library/Class/CDC/Src/usbd_cdc.c.obj
 .text.USBD_CDC_GetDeviceQualifierDescriptor
                0x0000000008004434        0xc CMakeFiles/s2500-image-capture-f7.elf.dir/Middlewares/ST/STM32_USB_Device_Library/Class/CDC/Src/usbd_cdc.c.obj
                0x0000000008004434                USBD_CDC_GetDeviceQualifierDescriptor
 .text.USBD_CDC_DataOut
                0x0000000008004440       0x2c CMakeFiles/s2500-image-capture-f7.elf.dir/Middlewares/ST/STM32_USB_Device_Library/Class/CDC/Src/usbd_cdc.c.obj
 .text.USBD_CDC_DataIn
                0x000000000800446c       0x60 CMakeFiles/s2500-image-capture-f7.elf.dir/Middlewares/ST/STM32_USB_Device_Library/Class/CDC/Src/usbd_cdc.c.obj
 .text.USBD_CDC_Setup
                0x00000000080044cc      0x100 CMakeFiles/s2500-image-capture-f7.elf.dir/Middlewares/ST/STM32_USB_Device_Library/Class/CDC/Src/usbd_cdc.c.obj
 .text.USBD_CDC_DeInit
                0x00000000080045cc       0x44 CMakeFiles/s2500-image-capture-f7.elf.dir/Middlewares/ST/STM32_USB_Device_Library/Class/CDC/Src/usbd_cdc.c.obj
 .text.USBD_CDC_Init
                0x0000000008004610       0xb4 CMakeFiles/s2500-image-capture-f7.elf.dir/Middlewares/ST/STM32_USB_Device_Library/Class/CDC/Src/usbd_cdc.c.obj
 .text.USBD_CDC_RegisterInterface
                0x00000000080046c4       0x10 CMakeFiles/s2500-image-capture-f7.elf.dir/Middlewares/ST/STM32_USB_Device_Library/Class/CDC/Src/usbd_cdc.c.obj
                0x00000000080046c4                USBD_CDC_RegisterInterface
 .text.USBD_CDC_SetTxBuffer
                0x00000000080046d4       0x10 CMakeFiles/s2500-image-capture-f7.elf.dir/Middlewares/ST/STM32_USB_Device_Library/Class/CDC/Src/usbd_cdc.c.obj
                0x00000000080046d4                USBD_CDC_SetTxBuffer
 .text.USBD_CDC_SetRxBuffer
                0x00000000080046e4        0xc CMakeFiles/s2500-image-capture-f7.elf.dir/Middlewares/ST/STM32_USB_Device_Library/Class/CDC/Src/usbd_cdc.c.obj
                0x00000000080046e4                USBD_CDC_SetRxBuffer
 .text.USBD_CDC_TransmitPacket
                0x00000000080046f0       0x34 CMakeFiles/s2500-image-capture-f7.elf.dir/Middlewares/ST/STM32_USB_Device_Library/Class/CDC/Src/usbd_cdc.c.obj
                0x00000000080046f0                USBD_CDC_TransmitPacket
 .text.USBD_CDC_ReceivePacket
                0x0000000008004724       0x30 CMakeFiles/s2500-image-capture-f7.elf.dir/Middlewares/ST/STM32_USB_Device_Library/Class/CDC/Src/usbd_cdc.c.obj
                0x0000000008004724                USBD_CDC_ReceivePacket
 .text.USBD_Init
                0x0000000008004754       0x34 CMakeFiles/s2500-image-capture-f7.elf.dir/Middlewares/ST/STM32_USB_Device_Library/Core/Src/usbd_core.c.obj
                0x0000000008004754                USBD_Init
 .text.USBD_RegisterClass
                0x0000000008004788       0x28 CMakeFiles/s2500-image-capture-f7.elf.dir/Middlewares/ST/STM32_USB_Device_Library/Core/Src/usbd_core.c.obj
                0x0000000008004788                USBD_RegisterClass
 .text.USBD_Start
                0x00000000080047b0        0x4 CMakeFiles/s2500-image-capture-f7.elf.dir/Middlewares/ST/STM32_USB_Device_Library/Core/Src/usbd_core.c.obj
                0x00000000080047b0                USBD_Start
 .text.USBD_SetClassConfig
                0x00000000080047b4       0x10 CMakeFiles/s2500-image-capture-f7.elf.dir/Middlewares/ST/STM32_USB_Device_Library/Core/Src/usbd_core.c.obj
                0x00000000080047b4                USBD_SetClassConfig
 .text.USBD_ClrClassConfig
                0x00000000080047c4       0x10 CMakeFiles/s2500-image-capture-f7.elf.dir/Middlewares/ST/STM32_USB_Device_Library/Core/Src/usbd_core.c.obj
                0x00000000080047c4                USBD_ClrClassConfig
 .text.USBD_LL_SetupStage
                0x00000000080047d4       0x60 CMakeFiles/s2500-image-capture-f7.elf.dir/Middlewares/ST/STM32_USB_Device_Library/Core/Src/usbd_core.c.obj
                0x00000000080047d4                USBD_LL_SetupStage
 .text.USBD_LL_DataOutStage
                0x0000000008004834       0x6c CMakeFiles/s2500-image-capture-f7.elf.dir/Middlewares/ST/STM32_USB_Device_Library/Core/Src/usbd_core.c.obj
                0x0000000008004834                USBD_LL_DataOutStage
 .text.USBD_LL_DataInStage
                0x00000000080048a0       0xc0 CMakeFiles/s2500-image-capture-f7.elf.dir/Middlewares/ST/STM32_USB_Device_Library/Core/Src/usbd_core.c.obj
                0x00000000080048a0                USBD_LL_DataInStage
 .text.USBD_LL_Reset
                0x0000000008004960       0x50 CMakeFiles/s2500-image-capture-f7.elf.dir/Middlewares/ST/STM32_USB_Device_Library/Core/Src/usbd_core.c.obj
                0x0000000008004960                USBD_LL_Reset
 .text.USBD_LL_SetSpeed
                0x00000000080049b0        0x8 CMakeFiles/s2500-image-capture-f7.elf.dir/Middlewares/ST/STM32_USB_Device_Library/Core/Src/usbd_core.c.obj
                0x00000000080049b0                USBD_LL_SetSpeed
 .text.USBD_LL_Suspend
                0x00000000080049b8       0x14 CMakeFiles/s2500-image-capture-f7.elf.dir/Middlewares/ST/STM32_USB_Device_Library/Core/Src/usbd_core.c.obj
                0x00000000080049b8                USBD_LL_Suspend
 .text.USBD_LL_Resume
                0x00000000080049cc       0x14 CMakeFiles/s2500-image-capture-f7.elf.dir/Middlewares/ST/STM32_USB_Device_Library/Core/Src/usbd_core.c.obj
                0x00000000080049cc                USBD_LL_Resume
 .text.USBD_LL_SOF
                0x00000000080049e0       0x1c CMakeFiles/s2500-image-capture-f7.elf.dir/Middlewares/ST/STM32_USB_Device_Library/Core/Src/usbd_core.c.obj
                0x00000000080049e0                USBD_LL_SOF
 .text.USBD_LL_IsoINIncomplete
                0x00000000080049fc        0x4 CMakeFiles/s2500-image-capture-f7.elf.dir/Middlewares/ST/STM32_USB_Device_Library/Core/Src/usbd_core.c.obj
                0x00000000080049fc                USBD_LL_IsoINIncomplete
 .text.USBD_LL_IsoOUTIncomplete
                0x0000000008004a00        0x4 CMakeFiles/s2500-image-capture-f7.elf.dir/Middlewares/ST/STM32_USB_Device_Library/Core/Src/usbd_core.c.obj
                0x0000000008004a00                USBD_LL_IsoOUTIncomplete
 .text.USBD_LL_DevConnected
                0x0000000008004a04        0x4 CMakeFiles/s2500-image-capture-f7.elf.dir/Middlewares/ST/STM32_USB_Device_Library/Core/Src/usbd_core.c.obj
                0x0000000008004a04                USBD_LL_DevConnected
 .text.USBD_LL_DevDisconnected
                0x0000000008004a08       0x1c CMakeFiles/s2500-image-capture-f7.elf.dir/Middlewares/ST/STM32_USB_Device_Library/Core/Src/usbd_core.c.obj
                0x0000000008004a08                USBD_LL_DevDisconnected
 .text.USBD_StdDevReq
                0x0000000008004a24      0x364 CMakeFiles/s2500-image-capture-f7.elf.dir/Middlewares/ST/STM32_USB_Device_Library/Core/Src/usbd_ctlreq.c.obj
                0x0000000008004a24                USBD_StdDevReq
 .text.USBD_StdItfReq
                0x0000000008004d88       0x70 CMakeFiles/s2500-image-capture-f7.elf.dir/Middlewares/ST/STM32_USB_Device_Library/Core/Src/usbd_ctlreq.c.obj
                0x0000000008004d88                USBD_StdItfReq
 .text.USBD_StdEPReq
                0x0000000008004df8      0x13c CMakeFiles/s2500-image-capture-f7.elf.dir/Middlewares/ST/STM32_USB_Device_Library/Core/Src/usbd_ctlreq.c.obj
                0x0000000008004df8                USBD_StdEPReq
 .text.USBD_ParseSetupRequest
                0x0000000008004f34       0x28 CMakeFiles/s2500-image-capture-f7.elf.dir/Middlewares/ST/STM32_USB_Device_Library/Core/Src/usbd_ctlreq.c.obj
                0x0000000008004f34                USBD_ParseSetupRequest
 .text.USBD_CtlError
                0x0000000008004f5c       0x18 CMakeFiles/s2500-image-capture-f7.elf.dir/Middlewares/ST/STM32_USB_Device_Library/Core/Src/usbd_ctlreq.c.obj
                0x0000000008004f5c                USBD_CtlError
 .text.USBD_GetString
                0x0000000008004f74       0x4c CMakeFiles/s2500-image-capture-f7.elf.dir/Middlewares/ST/STM32_USB_Device_Library/Core/Src/usbd_ctlreq.c.obj
                0x0000000008004f74                USBD_GetString
 .text.USBD_CtlSendData
                0x0000000008004fc0       0x1c CMakeFiles/s2500-image-capture-f7.elf.dir/Middlewares/ST/STM32_USB_Device_Library/Core/Src/usbd_ioreq.c.obj
                0x0000000008004fc0                USBD_CtlSendData
 .text.USBD_CtlContinueSendData
                0x0000000008004fdc       0x10 CMakeFiles/s2500-image-capture-f7.elf.dir/Middlewares/ST/STM32_USB_Device_Library/Core/Src/usbd_ioreq.c.obj
                0x0000000008004fdc                USBD_CtlContinueSendData
 .text.USBD_CtlPrepareRx
                0x0000000008004fec       0x20 CMakeFiles/s2500-image-capture-f7.elf.dir/Middlewares/ST/STM32_USB_Device_Library/Core/Src/usbd_ioreq.c.obj
                0x0000000008004fec                USBD_CtlPrepareRx
 .text.USBD_CtlContinueRx
                0x000000000800500c       0x10 CMakeFiles/s2500-image-capture-f7.elf.dir/Middlewares/ST/STM32_USB_Device_Library/Core/Src/usbd_ioreq.c.obj
                0x000000000800500c                USBD_CtlContinueRx
 .text.USBD_CtlSendStatus
                0x000000000800501c       0x18 CMakeFiles/s2500-image-capture-f7.elf.dir/Middlewares/ST/STM32_USB_Device_Library/Core/Src/usbd_ioreq.c.obj
                0x000000000800501c                USBD_CtlSendStatus
 .text.USBD_CtlReceiveStatus
                0x0000000008005034       0x18 CMakeFiles/s2500-image-capture-f7.elf.dir/Middlewares/ST/STM32_USB_Device_Library/Core/Src/usbd_ioreq.c.obj
                0x0000000008005034                USBD_CtlReceiveStatus
 .text.MX_USB_DEVICE_Init
                0x000000000800504c       0x58 CMakeFiles/s2500-image-capture-f7.elf.dir/USB_DEVICE/App/usb_device.c.obj
                0x000000000800504c                MX_USB_DEVICE_Init
 .text.CDC_DeInit_HS
                0x00000000080050a4        0x4 CMakeFiles/s2500-image-capture-f7.elf.dir/USB_DEVICE/App/usbd_cdc_if.c.obj
 .text.CDC_Control_HS
                0x00000000080050a8        0x4 CMakeFiles/s2500-image-capture-f7.elf.dir/USB_DEVICE/App/usbd_cdc_if.c.obj
 .text.CDC_TransmitCplt_HS
                0x00000000080050ac       0x20 CMakeFiles/s2500-image-capture-f7.elf.dir/USB_DEVICE/App/usbd_cdc_if.c.obj
 .text.CDC_Receive_HS
                0x00000000080050cc       0x1c CMakeFiles/s2500-image-capture-f7.elf.dir/USB_DEVICE/App/usbd_cdc_if.c.obj
 .text.CDC_Init_HS
                0x00000000080050e8       0x28 CMakeFiles/s2500-image-capture-f7.elf.dir/USB_DEVICE/App/usbd_cdc_if.c.obj
 .text.CDC_Transmit_HS
                0x0000000008005110       0x2c CMakeFiles/s2500-image-capture-f7.elf.dir/USB_DEVICE/App/usbd_cdc_if.c.obj
                0x0000000008005110                CDC_Transmit_HS
 .text.USBD_HS_DeviceDescriptor
                0x000000000800513c        0xc CMakeFiles/s2500-image-capture-f7.elf.dir/USB_DEVICE/App/usbd_desc.c.obj
                0x000000000800513c                USBD_HS_DeviceDescriptor
 .text.USBD_HS_LangIDStrDescriptor
                0x0000000008005148        0xc CMakeFiles/s2500-image-capture-f7.elf.dir/USB_DEVICE/App/usbd_desc.c.obj
                0x0000000008005148                USBD_HS_LangIDStrDescriptor
 .text.USBD_HS_USR_BOSDescriptor
                0x0000000008005154        0xc CMakeFiles/s2500-image-capture-f7.elf.dir/USB_DEVICE/App/usbd_desc.c.obj
                0x0000000008005154                USBD_HS_USR_BOSDescriptor
 .text.USBD_HS_ManufacturerStrDescriptor
                0x0000000008005160       0x1c CMakeFiles/s2500-image-capture-f7.elf.dir/USB_DEVICE/App/usbd_desc.c.obj
                0x0000000008005160                USBD_HS_ManufacturerStrDescriptor
 .text.USBD_HS_ProductStrDescriptor
                0x000000000800517c       0x1c CMakeFiles/s2500-image-capture-f7.elf.dir/USB_DEVICE/App/usbd_desc.c.obj
                0x000000000800517c                USBD_HS_ProductStrDescriptor
 .text.USBD_HS_ConfigStrDescriptor
                0x0000000008005198       0x1c CMakeFiles/s2500-image-capture-f7.elf.dir/USB_DEVICE/App/usbd_desc.c.obj
                0x0000000008005198                USBD_HS_ConfigStrDescriptor
 .text.USBD_HS_InterfaceStrDescriptor
                0x00000000080051b4       0x1c CMakeFiles/s2500-image-capture-f7.elf.dir/USB_DEVICE/App/usbd_desc.c.obj
                0x00000000080051b4                USBD_HS_InterfaceStrDescriptor
 .text.USBD_HS_SerialStrDescriptor
                0x00000000080051d0      0x134 CMakeFiles/s2500-image-capture-f7.elf.dir/USB_DEVICE/App/usbd_desc.c.obj
                0x00000000080051d0                USBD_HS_SerialStrDescriptor
 .text.HAL_PCD_MspInit
                0x0000000008005304      0x14c CMakeFiles/s2500-image-capture-f7.elf.dir/USB_DEVICE/Target/usbd_conf.c.obj
                0x0000000008005304                HAL_PCD_MspInit
 .text.HAL_PCD_SetupStageCallback
                0x0000000008005450        0xc CMakeFiles/s2500-image-capture-f7.elf.dir/USB_DEVICE/Target/usbd_conf.c.obj
                0x0000000008005450                HAL_PCD_SetupStageCallback
 .text.HAL_PCD_DataOutStageCallback
                0x000000000800545c       0x14 CMakeFiles/s2500-image-capture-f7.elf.dir/USB_DEVICE/Target/usbd_conf.c.obj
                0x000000000800545c                HAL_PCD_DataOutStageCallback
 .text.HAL_PCD_DataInStageCallback
                0x0000000008005470       0x14 CMakeFiles/s2500-image-capture-f7.elf.dir/USB_DEVICE/Target/usbd_conf.c.obj
                0x0000000008005470                HAL_PCD_DataInStageCallback
 .text.HAL_PCD_SOFCallback
                0x0000000008005484        0x8 CMakeFiles/s2500-image-capture-f7.elf.dir/USB_DEVICE/Target/usbd_conf.c.obj
                0x0000000008005484                HAL_PCD_SOFCallback
 .text.HAL_PCD_ResetCallback
                0x000000000800548c       0x2c CMakeFiles/s2500-image-capture-f7.elf.dir/USB_DEVICE/Target/usbd_conf.c.obj
                0x000000000800548c                HAL_PCD_ResetCallback
 .text.HAL_PCD_SuspendCallback
                0x00000000080054b8       0x30 CMakeFiles/s2500-image-capture-f7.elf.dir/USB_DEVICE/Target/usbd_conf.c.obj
                0x00000000080054b8                HAL_PCD_SuspendCallback
 .text.HAL_PCD_ResumeCallback
                0x00000000080054e8        0x8 CMakeFiles/s2500-image-capture-f7.elf.dir/USB_DEVICE/Target/usbd_conf.c.obj
                0x00000000080054e8                HAL_PCD_ResumeCallback
 .text.HAL_PCD_ISOOUTIncompleteCallback
                0x00000000080054f0        0x8 CMakeFiles/s2500-image-capture-f7.elf.dir/USB_DEVICE/Target/usbd_conf.c.obj
                0x00000000080054f0                HAL_PCD_ISOOUTIncompleteCallback
 .text.HAL_PCD_ISOINIncompleteCallback
                0x00000000080054f8        0x8 CMakeFiles/s2500-image-capture-f7.elf.dir/USB_DEVICE/Target/usbd_conf.c.obj
                0x00000000080054f8                HAL_PCD_ISOINIncompleteCallback
 .text.HAL_PCD_ConnectCallback
                0x0000000008005500        0x8 CMakeFiles/s2500-image-capture-f7.elf.dir/USB_DEVICE/Target/usbd_conf.c.obj
                0x0000000008005500                HAL_PCD_ConnectCallback
 .text.HAL_PCD_DisconnectCallback
                0x0000000008005508        0x8 CMakeFiles/s2500-image-capture-f7.elf.dir/USB_DEVICE/Target/usbd_conf.c.obj
                0x0000000008005508                HAL_PCD_DisconnectCallback
 .text.USBD_LL_Init
                0x0000000008005510       0x6c CMakeFiles/s2500-image-capture-f7.elf.dir/USB_DEVICE/Target/usbd_conf.c.obj
                0x0000000008005510                USBD_LL_Init
 .text.USBD_LL_Start
                0x000000000800557c       0x1c CMakeFiles/s2500-image-capture-f7.elf.dir/USB_DEVICE/Target/usbd_conf.c.obj
                0x000000000800557c                USBD_LL_Start
 .text.USBD_LL_OpenEP
                0x0000000008005598       0x24 CMakeFiles/s2500-image-capture-f7.elf.dir/USB_DEVICE/Target/usbd_conf.c.obj
                0x0000000008005598                USBD_LL_OpenEP
 .text.USBD_LL_CloseEP
                0x00000000080055bc       0x1c CMakeFiles/s2500-image-capture-f7.elf.dir/USB_DEVICE/Target/usbd_conf.c.obj
                0x00000000080055bc                USBD_LL_CloseEP
 .text.USBD_LL_StallEP
                0x00000000080055d8       0x1c CMakeFiles/s2500-image-capture-f7.elf.dir/USB_DEVICE/Target/usbd_conf.c.obj
                0x00000000080055d8                USBD_LL_StallEP
 .text.USBD_LL_ClearStallEP
                0x00000000080055f4       0x1c CMakeFiles/s2500-image-capture-f7.elf.dir/USB_DEVICE/Target/usbd_conf.c.obj
                0x00000000080055f4                USBD_LL_ClearStallEP
 .text.USBD_LL_IsStallEP
                0x0000000008005610       0x28 CMakeFiles/s2500-image-capture-f7.elf.dir/USB_DEVICE/Target/usbd_conf.c.obj
                0x0000000008005610                USBD_LL_IsStallEP
 .text.USBD_LL_SetUSBAddress
                0x0000000008005638       0x1c CMakeFiles/s2500-image-capture-f7.elf.dir/USB_DEVICE/Target/usbd_conf.c.obj
                0x0000000008005638                USBD_LL_SetUSBAddress
 .text.USBD_LL_Transmit
                0x0000000008005654       0x1c CMakeFiles/s2500-image-capture-f7.elf.dir/USB_DEVICE/Target/usbd_conf.c.obj
                0x0000000008005654                USBD_LL_Transmit
 .text.USBD_LL_PrepareReceive
                0x0000000008005670       0x1c CMakeFiles/s2500-image-capture-f7.elf.dir/USB_DEVICE/Target/usbd_conf.c.obj
                0x0000000008005670                USBD_LL_PrepareReceive
 .text.USBD_LL_GetRxDataSize
                0x000000000800568c        0x8 CMakeFiles/s2500-image-capture-f7.elf.dir/USB_DEVICE/Target/usbd_conf.c.obj
                0x000000000800568c                USBD_LL_GetRxDataSize
 .text.HAL_PCDEx_LPM_Callback
                0x0000000008005694       0x60 CMakeFiles/s2500-image-capture-f7.elf.dir/USB_DEVICE/Target/usbd_conf.c.obj
                0x0000000008005694                HAL_PCDEx_LPM_Callback
 .text.Reset_Handler
                0x00000000080056f4       0x50 CMakeFiles/s2500-image-capture-f7.elf.dir/startup/startup_stm32f769xx.s.obj
                0x00000000080056f4                Reset_Handler
 .text.Default_Handler
                0x0000000008005744        0x2 CMakeFiles/s2500-image-capture-f7.elf.dir/startup/startup_stm32f769xx.s.obj
                0x0000000008005744                RTC_Alarm_IRQHandler
                0x0000000008005744                EXTI2_IRQHandler
                0x0000000008005744                TIM8_CC_IRQHandler
                0x0000000008005744                UART8_IRQHandler
                0x0000000008005744                SPI4_IRQHandler
                0x0000000008005744                TIM1_CC_IRQHandler
                0x0000000008005744                DMA2_Stream5_IRQHandler
                0x0000000008005744                JPEG_IRQHandler
                0x0000000008005744                DMA1_Stream5_IRQHandler
                0x0000000008005744                CAN3_RX1_IRQHandler
                0x0000000008005744                PVD_IRQHandler
                0x0000000008005744                TAMP_STAMP_IRQHandler
                0x0000000008005744                CAN2_RX1_IRQHandler
                0x0000000008005744                EXTI3_IRQHandler
                0x0000000008005744                TIM8_TRG_COM_TIM14_IRQHandler
                0x0000000008005744                DFSDM1_FLT1_IRQHandler
                0x0000000008005744                TIM1_UP_TIM10_IRQHandler
                0x0000000008005744                TIM8_UP_TIM13_IRQHandler
                0x0000000008005744                I2C3_ER_IRQHandler
                0x0000000008005744                DFSDM1_FLT2_IRQHandler
                0x0000000008005744                I2C2_EV_IRQHandler
                0x0000000008005744                DMA1_Stream2_IRQHandler
                0x0000000008005744                CAN1_RX0_IRQHandler
                0x0000000008005744                FPU_IRQHandler
                0x0000000008005744                OTG_HS_WKUP_IRQHandler
                0x0000000008005744                CAN3_SCE_IRQHandler
                0x0000000008005744                LTDC_ER_IRQHandler
                0x0000000008005744                CAN2_SCE_IRQHandler
                0x0000000008005744                DMA2_Stream2_IRQHandler
                0x0000000008005744                SPI1_IRQHandler
                0x0000000008005744                TIM6_DAC_IRQHandler
                0x0000000008005744                TIM1_BRK_TIM9_IRQHandler
                0x0000000008005744                DCMI_IRQHandler
                0x0000000008005744                CAN2_RX0_IRQHandler
                0x0000000008005744                DMA2_Stream3_IRQHandler
                0x0000000008005744                SAI2_IRQHandler
                0x0000000008005744                DFSDM1_FLT3_IRQHandler
                0x0000000008005744                USART6_IRQHandler
                0x0000000008005744                CAN3_RX0_IRQHandler
                0x0000000008005744                USART3_IRQHandler
                0x0000000008005744                CAN1_RX1_IRQHandler
                0x0000000008005744                UART5_IRQHandler
                0x0000000008005744                TIM4_IRQHandler
                0x0000000008005744                QUADSPI_IRQHandler
                0x0000000008005744                I2C1_EV_IRQHandler
                0x0000000008005744                DMA1_Stream6_IRQHandler
                0x0000000008005744                DMA1_Stream1_IRQHandler
                0x0000000008005744                UART4_IRQHandler
                0x0000000008005744                TIM3_IRQHandler
                0x0000000008005744                RCC_IRQHandler
                0x0000000008005744                TIM8_BRK_TIM12_IRQHandler
                0x0000000008005744                Default_Handler
                0x0000000008005744                CEC_IRQHandler
                0x0000000008005744                EXTI15_10_IRQHandler
                0x0000000008005744                DMA1_Stream7_IRQHandler
                0x0000000008005744                SPI5_IRQHandler
                0x0000000008005744                SDMMC1_IRQHandler
                0x0000000008005744                CAN2_TX_IRQHandler
                0x0000000008005744                TIM5_IRQHandler
                0x0000000008005744                DMA2_Stream7_IRQHandler
                0x0000000008005744                I2C3_EV_IRQHandler
                0x0000000008005744                EXTI9_5_IRQHandler
                0x0000000008005744                RTC_WKUP_IRQHandler
                0x0000000008005744                LTDC_IRQHandler
                0x0000000008005744                ETH_WKUP_IRQHandler
                0x0000000008005744                SPDIF_RX_IRQHandler
                0x0000000008005744                SPI2_IRQHandler
                0x0000000008005744                OTG_HS_EP1_IN_IRQHandler
                0x0000000008005744                DMA1_Stream0_IRQHandler
                0x0000000008005744                CAN1_TX_IRQHandler
                0x0000000008005744                EXTI4_IRQHandler
                0x0000000008005744                RNG_IRQHandler
                0x0000000008005744                DSI_IRQHandler
                0x0000000008005744                ETH_IRQHandler
                0x0000000008005744                OTG_HS_EP1_OUT_IRQHandler
                0x0000000008005744                WWDG_IRQHandler
                0x0000000008005744                SPI6_IRQHandler
                0x0000000008005744                MDIOS_IRQHandler
                0x0000000008005744                I2C4_EV_IRQHandler
                0x0000000008005744                CAN3_TX_IRQHandler
                0x0000000008005744                TIM2_IRQHandler
                0x0000000008005744                OTG_FS_WKUP_IRQHandler
                0x0000000008005744                TIM1_TRG_COM_TIM11_IRQHandler
                0x0000000008005744                DMA2D_IRQHandler
                0x0000000008005744                EXTI1_IRQHandler
                0x0000000008005744                SDMMC2_IRQHandler
                0x0000000008005744                UART7_IRQHandler
                0x0000000008005744                USART2_IRQHandler
                0x0000000008005744                DFSDM1_FLT0_IRQHandler
                0x0000000008005744                I2C2_ER_IRQHandler
                0x0000000008005744                DMA2_Stream1_IRQHandler
                0x0000000008005744                CAN1_SCE_IRQHandler
                0x0000000008005744                FLASH_IRQHandler
                0x0000000008005744                DMA2_Stream4_IRQHandler
                0x0000000008005744                USART1_IRQHandler
                0x0000000008005744                OTG_FS_IRQHandler
                0x0000000008005744                SPI3_IRQHandler
                0x0000000008005744                DMA1_Stream4_IRQHandler
                0x0000000008005744                I2C1_ER_IRQHandler
                0x0000000008005744                FMC_IRQHandler
                0x0000000008005744                LPTIM1_IRQHandler
                0x0000000008005744                I2C4_ER_IRQHandler
                0x0000000008005744                DMA2_Stream6_IRQHandler
                0x0000000008005744                SAI1_IRQHandler
                0x0000000008005744                DMA1_Stream3_IRQHandler
 *fill*         0x0000000008005746        0x2 
 .text.startup  0x0000000008005748       0x14 /usr/lib/gcc/arm-none-eabi/7.3.1/../../../arm-none-eabi/lib/thumb/v7e-m/libc.a(lib_a-__call_atexit.o)
 *(.glue_7)
 .glue_7        0x000000000800575c        0x0 linker stubs
 *(.glue_7t)
 .glue_7t       0x000000000800575c        0x0 linker stubs
 *(.eh_frame)
 .eh_frame      0x000000000800575c        0x0 /usr/lib/gcc/arm-none-eabi/7.3.1/thumb/v7e-m/crtbegin.o
 *(.init)
 .init          0x000000000800575c        0x4 /usr/lib/gcc/arm-none-eabi/7.3.1/thumb/v7e-m/crti.o
                0x000000000800575c                _init
 .init          0x0000000008005760        0x8 /usr/lib/gcc/arm-none-eabi/7.3.1/thumb/v7e-m/crtn.o
 *(.fini)
 .fini          0x0000000008005768        0x4 /usr/lib/gcc/arm-none-eabi/7.3.1/thumb/v7e-m/crti.o
                0x0000000008005768                _fini
 .fini          0x000000000800576c        0x8 /usr/lib/gcc/arm-none-eabi/7.3.1/thumb/v7e-m/crtn.o
                0x0000000008005774                . = ALIGN (0x4)
                0x0000000008005774                _etext = .

.vfp11_veneer   0x0000000008005774        0x0
 .vfp11_veneer  0x0000000008005774        0x0 linker stubs

.v4_bx          0x0000000008005774        0x0
 .v4_bx         0x0000000008005774        0x0 linker stubs

.iplt           0x0000000008005774        0x0
 .iplt          0x0000000008005774        0x0 /usr/lib/gcc/arm-none-eabi/7.3.1/thumb/v7e-m/crtbegin.o

.rodata         0x0000000008005774       0x68
                0x0000000008005774                . = ALIGN (0x4)
 *(.rodata)
 .rodata        0x0000000008005774        0x4 /usr/lib/gcc/arm-none-eabi/7.3.1/../../../arm-none-eabi/lib/thumb/v7e-m/libc.a(lib_a-impure.o)
                0x0000000008005774                _global_impure_ptr
 *(.rodata*)
 .rodata.AHBPrescTable
                0x0000000008005778       0x10 CMakeFiles/s2500-image-capture-f7.elf.dir/Core/Src/system_stm32f7xx.c.obj
                0x0000000008005778                AHBPrescTable
 .rodata.flagBitshiftOffset.8077
                0x0000000008005788        0x8 CMakeFiles/s2500-image-capture-f7.elf.dir/Drivers/STM32F7xx_HAL_Driver/Src/stm32f7xx_hal_dma.c.obj
 .rodata.USBD_HS_ConfigStrDescriptor.str1.4
                0x0000000008005790        0xb CMakeFiles/s2500-image-capture-f7.elf.dir/USB_DEVICE/App/usbd_desc.c.obj
 *fill*         0x000000000800579b        0x1 
 .rodata.USBD_HS_InterfaceStrDescriptor.str1.4
                0x000000000800579c        0xe CMakeFiles/s2500-image-capture-f7.elf.dir/USB_DEVICE/App/usbd_desc.c.obj
 *fill*         0x00000000080057aa        0x2 
 .rodata.USBD_HS_ManufacturerStrDescriptor.str1.4
                0x00000000080057ac       0x13 CMakeFiles/s2500-image-capture-f7.elf.dir/USB_DEVICE/App/usbd_desc.c.obj
 *fill*         0x00000000080057bf        0x1 
 .rodata.USBD_HS_ProductStrDescriptor.str1.4
                0x00000000080057c0       0x18 CMakeFiles/s2500-image-capture-f7.elf.dir/USB_DEVICE/App/usbd_desc.c.obj
                                         0x16 (size before relaxing)
 .rodata.CSWTCH.28
                0x00000000080057d8        0x4 CMakeFiles/s2500-image-capture-f7.elf.dir/USB_DEVICE/Target/usbd_conf.c.obj
                0x00000000080057dc                . = ALIGN (0x4)

.ARM.extab
 *(.ARM.extab* .gnu.linkonce.armextab.*)

.ARM            0x00000000080057dc        0x8
                0x00000000080057dc                __exidx_start = .
 *(.ARM.exidx*)
 .ARM.exidx     0x00000000080057dc        0x8 /usr/lib/gcc/arm-none-eabi/7.3.1/thumb/v7e-m/libgcc.a(_udivmoddi4.o)
                0x00000000080057e4                __exidx_end = .

.rel.dyn        0x00000000080057e4        0x0
 .rel.iplt      0x00000000080057e4        0x0 /usr/lib/gcc/arm-none-eabi/7.3.1/thumb/v7e-m/crtbegin.o

.preinit_array  0x00000000080057e4        0x0
                0x00000000080057e4                PROVIDE (__preinit_array_start = .)
 *(.preinit_array*)
                0x00000000080057e4                PROVIDE (__preinit_array_end = .)

.init_array     0x00000000080057e4        0x8
                0x00000000080057e4                PROVIDE (__init_array_start = .)
 *(SORT_BY_NAME(.init_array.*))
 .init_array.00000
                0x00000000080057e4        0x4 /usr/lib/gcc/arm-none-eabi/7.3.1/../../../arm-none-eabi/lib/thumb/v7e-m/libc.a(lib_a-__call_atexit.o)
 *(.init_array*)
 .init_array    0x00000000080057e8        0x4 /usr/lib/gcc/arm-none-eabi/7.3.1/thumb/v7e-m/crtbegin.o
                0x00000000080057ec                PROVIDE (__init_array_end = .)

.fini_array     0x00000000080057ec        0x4
                0x00000000080057ec                PROVIDE (__fini_array_start = .)
 *(SORT_BY_NAME(.fini_array.*))
 *(.fini_array*)
 .fini_array    0x00000000080057ec        0x4 /usr/lib/gcc/arm-none-eabi/7.3.1/thumb/v7e-m/crtbegin.o
                0x00000000080057f0                PROVIDE (__fini_array_end = .)
                0x00000000080057f0                _sidata = LOADADDR (.data)

.data           0x0000000020000000      0x9d4 load address 0x00000000080057f0
                0x0000000020000000                . = ALIGN (0x4)
                0x0000000020000000                _sdata = .
 *(.data)
 .data          0x0000000020000000      0x430 /usr/lib/gcc/arm-none-eabi/7.3.1/../../../arm-none-eabi/lib/thumb/v7e-m/libc.a(lib_a-impure.o)
                0x0000000020000000                _impure_ptr
 .data          0x0000000020000430      0x410 /usr/lib/gcc/arm-none-eabi/7.3.1/../../../arm-none-eabi/lib/thumb/v7e-m/libc.a(lib_a-mallocr.o)
                0x0000000020000430                __malloc_av_
                0x0000000020000838                __malloc_sbrk_base
                0x000000002000083c                __malloc_trim_threshold
 *(.data*)
 .data.usb_transfer_complete
                0x0000000020000840        0x1 CMakeFiles/s2500-image-capture-f7.elf.dir/Core/Src/main.c.obj
                0x0000000020000840                usb_transfer_complete
 *fill*         0x0000000020000841        0x3 
 .data.SystemCoreClock
                0x0000000020000844        0x4 CMakeFiles/s2500-image-capture-f7.elf.dir/Core/Src/system_stm32f7xx.c.obj
                0x0000000020000844                SystemCoreClock
 .data.uwTickFreq
                0x0000000020000848        0x1 CMakeFiles/s2500-image-capture-f7.elf.dir/Drivers/STM32F7xx_HAL_Driver/Src/stm32f7xx_hal.c.obj
                0x0000000020000848                uwTickFreq
 *fill*         0x0000000020000849        0x3 
 .data.uwTickPrio
                0x000000002000084c        0x4 CMakeFiles/s2500-image-capture-f7.elf.dir/Drivers/STM32F7xx_HAL_Driver/Src/stm32f7xx_hal.c.obj
                0x000000002000084c                uwTickPrio
 .data.USBD_CDC
                0x0000000020000850       0x38 CMakeFiles/s2500-image-capture-f7.elf.dir/Middlewares/ST/STM32_USB_Device_Library/Class/CDC/Src/usbd_cdc.c.obj
                0x0000000020000850                USBD_CDC
 .data.USBD_CDC_CfgFSDesc
                0x0000000020000888       0x43 CMakeFiles/s2500-image-capture-f7.elf.dir/Middlewares/ST/STM32_USB_Device_Library/Class/CDC/Src/usbd_cdc.c.obj
 *fill*         0x00000000200008cb        0x1 
 .data.USBD_CDC_CfgHSDesc
                0x00000000200008cc       0x43 CMakeFiles/s2500-image-capture-f7.elf.dir/Middlewares/ST/STM32_USB_Device_Library/Class/CDC/Src/usbd_cdc.c.obj
 *fill*         0x000000002000090f        0x1 
 .data.USBD_CDC_DeviceQualifierDesc
                0x0000000020000910        0xa CMakeFiles/s2500-image-capture-f7.elf.dir/Middlewares/ST/STM32_USB_Device_Library/Class/CDC/Src/usbd_cdc.c.obj
 *fill*         0x000000002000091a        0x2 
 .data.USBD_CDC_OtherSpeedCfgDesc
                0x000000002000091c       0x43 CMakeFiles/s2500-image-capture-f7.elf.dir/Middlewares/ST/STM32_USB_Device_Library/Class/CDC/Src/usbd_cdc.c.obj
 *fill*         0x000000002000095f        0x1 
 .data.USBD_Interface_fops_HS
                0x0000000020000960       0x14 CMakeFiles/s2500-image-capture-f7.elf.dir/USB_DEVICE/App/usbd_cdc_if.c.obj
                0x0000000020000960                USBD_Interface_fops_HS
 .data.HS_Desc  0x0000000020000974       0x20 CMakeFiles/s2500-image-capture-f7.elf.dir/USB_DEVICE/App/usbd_desc.c.obj
                0x0000000020000974                HS_Desc
 .data.USBD_HS_BOSDesc
                0x0000000020000994        0xc CMakeFiles/s2500-image-capture-f7.elf.dir/USB_DEVICE/App/usbd_desc.c.obj
                0x0000000020000994                USBD_HS_BOSDesc
 .data.USBD_HS_DeviceDesc
                0x00000000200009a0       0x12 CMakeFiles/s2500-image-capture-f7.elf.dir/USB_DEVICE/App/usbd_desc.c.obj
                0x00000000200009a0                USBD_HS_DeviceDesc
 *fill*         0x00000000200009b2        0x2 
 .data.USBD_LangIDDesc
                0x00000000200009b4        0x4 CMakeFiles/s2500-image-capture-f7.elf.dir/USB_DEVICE/App/usbd_desc.c.obj
                0x00000000200009b4                USBD_LangIDDesc
 .data.USBD_StringSerial
                0x00000000200009b8       0x1a CMakeFiles/s2500-image-capture-f7.elf.dir/USB_DEVICE/App/usbd_desc.c.obj
                0x00000000200009b8                USBD_StringSerial
                0x00000000200009d4                . = ALIGN (0x4)
 *fill*         0x00000000200009d2        0x2 
                0x00000000200009d4                _edata = .

.tm_clone_table
                0x00000000200009d4        0x0 load address 0x00000000080061c4
 .tm_clone_table
                0x00000000200009d4        0x0 /usr/lib/gcc/arm-none-eabi/7.3.1/thumb/v7e-m/crtbegin.o
 .tm_clone_table
                0x00000000200009d4        0x0 /usr/lib/gcc/arm-none-eabi/7.3.1/thumb/v7e-m/crtend.o

.igot.plt       0x00000000200009d4        0x0 load address 0x00000000080061c4
 .igot.plt      0x00000000200009d4        0x0 /usr/lib/gcc/arm-none-eabi/7.3.1/thumb/v7e-m/crtbegin.o
                0x00000000200009d4                . = ALIGN (0x4)

.bss            0x00000000200009d4     0x1a44 load address 0x00000000080061c4
                0x00000000200009d4                _sbss = .
                0x00000000200009d4                __bss_start__ = _sbss
 *(.bss)
 .bss           0x00000000200009d4       0x1c /usr/lib/gcc/arm-none-eabi/7.3.1/thumb/v7e-m/crtbegin.o
 .bss           0x00000000200009f0       0x34 /usr/lib/gcc/arm-none-eabi/7.3.1/../../../arm-none-eabi/lib/thumb/v7e-m/libc.a(lib_a-mallocr.o)
                0x00000000200009f0                __malloc_top_pad
                0x00000000200009f4                __malloc_current_mallinfo
                0x0000000020000a1c                __malloc_max_sbrked_mem
                0x0000000020000a20                __malloc_max_total_mem
 *(.bss*)
 .bss.buf_ready
                0x0000000020000a24        0x1 CMakeFiles/s2500-image-capture-f7.elf.dir/Core/Src/main.c.obj
                0x0000000020000a24                buf_ready
 *fill*         0x0000000020000a25        0x3 
 .bss.buffer0   0x0000000020000a28        0x4 CMakeFiles/s2500-image-capture-f7.elf.dir/Core/Src/main.c.obj
                0x0000000020000a28                buffer0
 .bss.buffer1   0x0000000020000a2c        0x4 CMakeFiles/s2500-image-capture-f7.elf.dir/Core/Src/main.c.obj
                0x0000000020000a2c                buffer1
 .bss.cur_buf   0x0000000020000a30        0x4 CMakeFiles/s2500-image-capture-f7.elf.dir/Core/Src/main.c.obj
                0x0000000020000a30                cur_buf
 .bss.hadc1     0x0000000020000a34       0x48 CMakeFiles/s2500-image-capture-f7.elf.dir/Core/Src/main.c.obj
                0x0000000020000a34                hadc1
 .bss.hdma_adc1
                0x0000000020000a7c       0x60 CMakeFiles/s2500-image-capture-f7.elf.dir/Core/Src/main.c.obj
                0x0000000020000a7c                hdma_adc1
 .bss.htim7     0x0000000020000adc       0x4c CMakeFiles/s2500-image-capture-f7.elf.dir/Core/Src/main.c.obj
                0x0000000020000adc                htim7
 .bss.pulse_fired
                0x0000000020000b28        0x1 CMakeFiles/s2500-image-capture-f7.elf.dir/Core/Src/main.c.obj
                0x0000000020000b28                pulse_fired
 *fill*         0x0000000020000b29        0x3 
 .bss.status_code_buffer
                0x0000000020000b2c        0x4 CMakeFiles/s2500-image-capture-f7.elf.dir/Core/Src/main.c.obj
                0x0000000020000b2c                status_code_buffer
 .bss.tim7_overflow
                0x0000000020000b30        0x1 CMakeFiles/s2500-image-capture-f7.elf.dir/Core/Src/main.c.obj
                0x0000000020000b30                tim7_overflow
 *fill*         0x0000000020000b31        0x3 
 .bss.heap_end.5961
                0x0000000020000b34        0x4 CMakeFiles/s2500-image-capture-f7.elf.dir/Core/Src/syscalls.c.obj
 .bss.uwTick    0x0000000020000b38        0x4 CMakeFiles/s2500-image-capture-f7.elf.dir/Drivers/STM32F7xx_HAL_Driver/Src/stm32f7xx_hal.c.obj
                0x0000000020000b38                uwTick
 .bss.cfgidx.9975
                0x0000000020000b3c        0x1 CMakeFiles/s2500-image-capture-f7.elf.dir/Middlewares/ST/STM32_USB_Device_Library/Core/Src/usbd_ctlreq.c.obj
 *fill*         0x0000000020000b3d        0x3 
 .bss.hUsbDeviceHS
                0x0000000020000b40      0x2d0 CMakeFiles/s2500-image-capture-f7.elf.dir/USB_DEVICE/App/usb_device.c.obj
                0x0000000020000b40                hUsbDeviceHS
 .bss.UserRxBufferHS
                0x0000000020000e10      0x800 CMakeFiles/s2500-image-capture-f7.elf.dir/USB_DEVICE/App/usbd_cdc_if.c.obj
                0x0000000020000e10                UserRxBufferHS
 .bss.UserTxBufferHS
                0x0000000020001610      0x800 CMakeFiles/s2500-image-capture-f7.elf.dir/USB_DEVICE/App/usbd_cdc_if.c.obj
                0x0000000020001610                UserTxBufferHS
 .bss.USBD_StrDesc
                0x0000000020001e10      0x200 CMakeFiles/s2500-image-capture-f7.elf.dir/USB_DEVICE/App/usbd_desc.c.obj
                0x0000000020001e10                USBD_StrDesc
 .bss.hpcd_USB_OTG_HS
                0x0000000020002010      0x404 CMakeFiles/s2500-image-capture-f7.elf.dir/USB_DEVICE/Target/usbd_conf.c.obj
                0x0000000020002010                hpcd_USB_OTG_HS
 *(COMMON)
 COMMON         0x0000000020002414        0x4 /usr/lib/gcc/arm-none-eabi/7.3.1/../../../arm-none-eabi/lib/thumb/v7e-m/libc.a(lib_a-reent.o)
                0x0000000020002414                errno
                0x0000000020002418                . = ALIGN (0x4)
                0x0000000020002418                _ebss = .
                0x0000000020002418                __bss_end__ = _ebss

._user_heap_stack
                0x0000000020002418      0x600 load address 0x00000000080061c4
                0x0000000020002418                . = ALIGN (0x8)
                0x0000000020002418                PROVIDE (end = .)
                [!provide]                        PROVIDE (_end = .)
                0x0000000020002618                . = (. + _Min_Heap_Size)
 *fill*         0x0000000020002418      0x200 
                0x0000000020002a18                . = (. + _Min_Stack_Size)
 *fill*         0x0000000020002618      0x400 
                0x0000000020002a18                . = ALIGN (0x8)

/DISCARD/
 libc.a(*)
 libm.a(*)
 libgcc.a(*)

.ARM.attributes
                0x0000000000000000       0x2a
 *(.ARM.attributes)
 .ARM.attributes
                0x0000000000000000       0x1e /usr/lib/gcc/arm-none-eabi/7.3.1/thumb/v7e-m/crti.o
 .ARM.attributes
                0x000000000000001e       0x2e /usr/lib/gcc/arm-none-eabi/7.3.1/thumb/v7e-m/crtbegin.o
 .ARM.attributes
                0x000000000000004c       0x2f CMakeFiles/s2500-image-capture-f7.elf.dir/Core/Src/main.c.obj
 .ARM.attributes
                0x000000000000007b       0x2f CMakeFiles/s2500-image-capture-f7.elf.dir/Core/Src/stm32f7xx_hal_msp.c.obj
 .ARM.attributes
                0x00000000000000aa       0x2f CMakeFiles/s2500-image-capture-f7.elf.dir/Core/Src/stm32f7xx_it.c.obj
 .ARM.attributes
                0x00000000000000d9       0x2f CMakeFiles/s2500-image-capture-f7.elf.dir/Core/Src/syscalls.c.obj
 .ARM.attributes
                0x0000000000000108       0x2f CMakeFiles/s2500-image-capture-f7.elf.dir/Core/Src/system_stm32f7xx.c.obj
 .ARM.attributes
                0x0000000000000137       0x2f CMakeFiles/s2500-image-capture-f7.elf.dir/Drivers/STM32F7xx_HAL_Driver/Src/stm32f7xx_hal.c.obj
 .ARM.attributes
                0x0000000000000166       0x2f CMakeFiles/s2500-image-capture-f7.elf.dir/Drivers/STM32F7xx_HAL_Driver/Src/stm32f7xx_hal_adc.c.obj
 .ARM.attributes
                0x0000000000000195       0x2f CMakeFiles/s2500-image-capture-f7.elf.dir/Drivers/STM32F7xx_HAL_Driver/Src/stm32f7xx_hal_adc_ex.c.obj
 .ARM.attributes
                0x00000000000001c4       0x2f CMakeFiles/s2500-image-capture-f7.elf.dir/Drivers/STM32F7xx_HAL_Driver/Src/stm32f7xx_hal_cortex.c.obj
 .ARM.attributes
                0x00000000000001f3       0x2f CMakeFiles/s2500-image-capture-f7.elf.dir/Drivers/STM32F7xx_HAL_Driver/Src/stm32f7xx_hal_dma.c.obj
 .ARM.attributes
                0x0000000000000222       0x2f CMakeFiles/s2500-image-capture-f7.elf.dir/Drivers/STM32F7xx_HAL_Driver/Src/stm32f7xx_hal_gpio.c.obj
 .ARM.attributes
                0x0000000000000251       0x2f CMakeFiles/s2500-image-capture-f7.elf.dir/Drivers/STM32F7xx_HAL_Driver/Src/stm32f7xx_hal_pcd.c.obj
 .ARM.attributes
                0x0000000000000280       0x2f CMakeFiles/s2500-image-capture-f7.elf.dir/Drivers/STM32F7xx_HAL_Driver/Src/stm32f7xx_hal_pcd_ex.c.obj
 .ARM.attributes
                0x00000000000002af       0x2f CMakeFiles/s2500-image-capture-f7.elf.dir/Drivers/STM32F7xx_HAL_Driver/Src/stm32f7xx_hal_rcc.c.obj
 .ARM.attributes
                0x00000000000002de       0x2f CMakeFiles/s2500-image-capture-f7.elf.dir/Drivers/STM32F7xx_HAL_Driver/Src/stm32f7xx_hal_tim.c.obj
 .ARM.attributes
                0x000000000000030d       0x2f CMakeFiles/s2500-image-capture-f7.elf.dir/Drivers/STM32F7xx_HAL_Driver/Src/stm32f7xx_hal_tim_ex.c.obj
 .ARM.attributes
                0x000000000000033c       0x2f CMakeFiles/s2500-image-capture-f7.elf.dir/Drivers/STM32F7xx_HAL_Driver/Src/stm32f7xx_ll_usb.c.obj
 .ARM.attributes
                0x000000000000036b       0x2f CMakeFiles/s2500-image-capture-f7.elf.dir/Middlewares/ST/STM32_USB_Device_Library/Class/CDC/Src/usbd_cdc.c.obj
 .ARM.attributes
                0x000000000000039a       0x2f CMakeFiles/s2500-image-capture-f7.elf.dir/Middlewares/ST/STM32_USB_Device_Library/Core/Src/usbd_core.c.obj
 .ARM.attributes
                0x00000000000003c9       0x2f CMakeFiles/s2500-image-capture-f7.elf.dir/Middlewares/ST/STM32_USB_Device_Library/Core/Src/usbd_ctlreq.c.obj
 .ARM.attributes
                0x00000000000003f8       0x2f CMakeFiles/s2500-image-capture-f7.elf.dir/Middlewares/ST/STM32_USB_Device_Library/Core/Src/usbd_ioreq.c.obj
 .ARM.attributes
                0x0000000000000427       0x2f CMakeFiles/s2500-image-capture-f7.elf.dir/USB_DEVICE/App/usb_device.c.obj
 .ARM.attributes
                0x0000000000000456       0x2f CMakeFiles/s2500-image-capture-f7.elf.dir/USB_DEVICE/App/usbd_cdc_if.c.obj
 .ARM.attributes
                0x0000000000000485       0x2f CMakeFiles/s2500-image-capture-f7.elf.dir/USB_DEVICE/App/usbd_desc.c.obj
 .ARM.attributes
                0x00000000000004b4       0x2f CMakeFiles/s2500-image-capture-f7.elf.dir/USB_DEVICE/Target/usbd_conf.c.obj
 .ARM.attributes
                0x00000000000004e3       0x21 CMakeFiles/s2500-image-capture-f7.elf.dir/startup/startup_stm32f769xx.s.obj
 .ARM.attributes
                0x0000000000000504       0x1e /usr/lib/gcc/arm-none-eabi/7.3.1/thumb/v7e-m/libgcc.a(_aeabi_uldivmod.o)
 .ARM.attributes
                0x0000000000000522       0x2e /usr/lib/gcc/arm-none-eabi/7.3.1/thumb/v7e-m/libgcc.a(_udivmoddi4.o)
 .ARM.attributes
                0x0000000000000550       0x1e /usr/lib/gcc/arm-none-eabi/7.3.1/thumb/v7e-m/libgcc.a(_dvmd_tls.o)
 .ARM.attributes
                0x000000000000056e       0x2e /usr/lib/gcc/arm-none-eabi/7.3.1/../../../arm-none-eabi/lib/thumb/v7e-m/libc.a(lib_a-atexit.o)
 .ARM.attributes
                0x000000000000059c       0x2e /usr/lib/gcc/arm-none-eabi/7.3.1/../../../arm-none-eabi/lib/thumb/v7e-m/libc.a(lib_a-errno.o)
 .ARM.attributes
                0x00000000000005ca       0x2e /usr/lib/gcc/arm-none-eabi/7.3.1/../../../arm-none-eabi/lib/thumb/v7e-m/libc.a(lib_a-fini.o)
 .ARM.attributes
                0x00000000000005f8       0x2e /usr/lib/gcc/arm-none-eabi/7.3.1/../../../arm-none-eabi/lib/thumb/v7e-m/libc.a(lib_a-impure.o)
 .ARM.attributes
                0x0000000000000626       0x2e /usr/lib/gcc/arm-none-eabi/7.3.1/../../../arm-none-eabi/lib/thumb/v7e-m/libc.a(lib_a-init.o)
 .ARM.attributes
                0x0000000000000654       0x2e /usr/lib/gcc/arm-none-eabi/7.3.1/../../../arm-none-eabi/lib/thumb/v7e-m/libc.a(lib_a-malloc.o)
 .ARM.attributes
                0x0000000000000682       0x2e /usr/lib/gcc/arm-none-eabi/7.3.1/../../../arm-none-eabi/lib/thumb/v7e-m/libc.a(lib_a-mallocr.o)
 .ARM.attributes
                0x00000000000006b0       0x2e /usr/lib/gcc/arm-none-eabi/7.3.1/../../../arm-none-eabi/lib/thumb/v7e-m/libc.a(lib_a-mlock.o)
 .ARM.attributes
                0x00000000000006de       0x2e /usr/lib/gcc/arm-none-eabi/7.3.1/../../../arm-none-eabi/lib/thumb/v7e-m/libc.a(lib_a-sbrkr.o)
 .ARM.attributes
                0x000000000000070c       0x2e /usr/lib/gcc/arm-none-eabi/7.3.1/../../../arm-none-eabi/lib/thumb/v7e-m/libc.a(lib_a-__atexit.o)
 .ARM.attributes
                0x000000000000073a       0x2e /usr/lib/gcc/arm-none-eabi/7.3.1/../../../arm-none-eabi/lib/thumb/v7e-m/libc.a(lib_a-__call_atexit.o)
 .ARM.attributes
                0x0000000000000768       0x2e /usr/lib/gcc/arm-none-eabi/7.3.1/../../../arm-none-eabi/lib/thumb/v7e-m/libc.a(lib_a-freer.o)
 .ARM.attributes
                0x0000000000000796       0x2e /usr/lib/gcc/arm-none-eabi/7.3.1/../../../arm-none-eabi/lib/thumb/v7e-m/libc.a(lib_a-reent.o)
 .ARM.attributes
                0x00000000000007c4       0x2e /usr/lib/gcc/arm-none-eabi/7.3.1/thumb/v7e-m/crtend.o
 .ARM.attributes
                0x00000000000007f2       0x1e /usr/lib/gcc/arm-none-eabi/7.3.1/thumb/v7e-m/crtn.o
OUTPUT(s2500-image-capture-f7.elf elf32-littlearm)

.comment        0x0000000000000000       0xae
 .comment       0x0000000000000000       0x57 /usr/lib/gcc/arm-none-eabi/7.3.1/thumb/v7e-m/crtbegin.o
                                         0x58 (size before relaxing)
 .comment       0x0000000000000057       0x58 CMakeFiles/s2500-image-capture-f7.elf.dir/Core/Src/main.c.obj
 .comment       0x0000000000000057       0x58 CMakeFiles/s2500-image-capture-f7.elf.dir/Core/Src/stm32f7xx_hal_msp.c.obj
 .comment       0x0000000000000057       0x58 CMakeFiles/s2500-image-capture-f7.elf.dir/Core/Src/stm32f7xx_it.c.obj
 .comment       0x0000000000000057       0x58 CMakeFiles/s2500-image-capture-f7.elf.dir/Core/Src/syscalls.c.obj
 .comment       0x0000000000000057       0x58 CMakeFiles/s2500-image-capture-f7.elf.dir/Core/Src/system_stm32f7xx.c.obj
 .comment       0x0000000000000057       0x58 CMakeFiles/s2500-image-capture-f7.elf.dir/Drivers/STM32F7xx_HAL_Driver/Src/stm32f7xx_hal.c.obj
 .comment       0x0000000000000057       0x58 CMakeFiles/s2500-image-capture-f7.elf.dir/Drivers/STM32F7xx_HAL_Driver/Src/stm32f7xx_hal_adc.c.obj
 .comment       0x0000000000000057       0x58 CMakeFiles/s2500-image-capture-f7.elf.dir/Drivers/STM32F7xx_HAL_Driver/Src/stm32f7xx_hal_adc_ex.c.obj
 .comment       0x0000000000000057       0x58 CMakeFiles/s2500-image-capture-f7.elf.dir/Drivers/STM32F7xx_HAL_Driver/Src/stm32f7xx_hal_cortex.c.obj
 .comment       0x0000000000000057       0x58 CMakeFiles/s2500-image-capture-f7.elf.dir/Drivers/STM32F7xx_HAL_Driver/Src/stm32f7xx_hal_dma.c.obj
 .comment       0x0000000000000057       0x58 CMakeFiles/s2500-image-capture-f7.elf.dir/Drivers/STM32F7xx_HAL_Driver/Src/stm32f7xx_hal_gpio.c.obj
 .comment       0x0000000000000057       0x58 CMakeFiles/s2500-image-capture-f7.elf.dir/Drivers/STM32F7xx_HAL_Driver/Src/stm32f7xx_hal_pcd.c.obj
 .comment       0x0000000000000057       0x58 CMakeFiles/s2500-image-capture-f7.elf.dir/Drivers/STM32F7xx_HAL_Driver/Src/stm32f7xx_hal_pcd_ex.c.obj
 .comment       0x0000000000000057       0x58 CMakeFiles/s2500-image-capture-f7.elf.dir/Drivers/STM32F7xx_HAL_Driver/Src/stm32f7xx_hal_rcc.c.obj
 .comment       0x0000000000000057       0x58 CMakeFiles/s2500-image-capture-f7.elf.dir/Drivers/STM32F7xx_HAL_Driver/Src/stm32f7xx_hal_tim.c.obj
 .comment       0x0000000000000057       0x58 CMakeFiles/s2500-image-capture-f7.elf.dir/Drivers/STM32F7xx_HAL_Driver/Src/stm32f7xx_hal_tim_ex.c.obj
 .comment       0x0000000000000057       0x58 CMakeFiles/s2500-image-capture-f7.elf.dir/Drivers/STM32F7xx_HAL_Driver/Src/stm32f7xx_ll_usb.c.obj
 .comment       0x0000000000000057       0x58 CMakeFiles/s2500-image-capture-f7.elf.dir/Middlewares/ST/STM32_USB_Device_Library/Class/CDC/Src/usbd_cdc.c.obj
 .comment       0x0000000000000057       0x58 CMakeFiles/s2500-image-capture-f7.elf.dir/Middlewares/ST/STM32_USB_Device_Library/Core/Src/usbd_core.c.obj
 .comment       0x0000000000000057       0x58 CMakeFiles/s2500-image-capture-f7.elf.dir/Middlewares/ST/STM32_USB_Device_Library/Core/Src/usbd_ctlreq.c.obj
 .comment       0x0000000000000057       0x58 CMakeFiles/s2500-image-capture-f7.elf.dir/Middlewares/ST/STM32_USB_Device_Library/Core/Src/usbd_ioreq.c.obj
 .comment       0x0000000000000057       0x58 CMakeFiles/s2500-image-capture-f7.elf.dir/USB_DEVICE/App/usb_device.c.obj
 .comment       0x0000000000000057       0x58 CMakeFiles/s2500-image-capture-f7.elf.dir/USB_DEVICE/App/usbd_cdc_if.c.obj
 .comment       0x0000000000000057       0x58 CMakeFiles/s2500-image-capture-f7.elf.dir/USB_DEVICE/App/usbd_desc.c.obj
 .comment       0x0000000000000057       0x58 CMakeFiles/s2500-image-capture-f7.elf.dir/USB_DEVICE/Target/usbd_conf.c.obj
 .comment       0x0000000000000057       0x58 /usr/lib/gcc/arm-none-eabi/7.3.1/thumb/v7e-m/libgcc.a(_udivmoddi4.o)
 .comment       0x0000000000000057       0x57 /usr/lib/gcc/arm-none-eabi/7.3.1/../../../arm-none-eabi/lib/thumb/v7e-m/libc.a(lib_a-atexit.o)
                                         0x58 (size before relaxing)
 .comment       0x00000000000000ae       0x58 /usr/lib/gcc/arm-none-eabi/7.3.1/../../../arm-none-eabi/lib/thumb/v7e-m/libc.a(lib_a-errno.o)
 .comment       0x00000000000000ae       0x58 /usr/lib/gcc/arm-none-eabi/7.3.1/../../../arm-none-eabi/lib/thumb/v7e-m/libc.a(lib_a-fini.o)
 .comment       0x00000000000000ae       0x58 /usr/lib/gcc/arm-none-eabi/7.3.1/../../../arm-none-eabi/lib/thumb/v7e-m/libc.a(lib_a-impure.o)
 .comment       0x00000000000000ae       0x58 /usr/lib/gcc/arm-none-eabi/7.3.1/../../../arm-none-eabi/lib/thumb/v7e-m/libc.a(lib_a-init.o)
 .comment       0x00000000000000ae       0x58 /usr/lib/gcc/arm-none-eabi/7.3.1/../../../arm-none-eabi/lib/thumb/v7e-m/libc.a(lib_a-malloc.o)
 .comment       0x00000000000000ae       0x58 /usr/lib/gcc/arm-none-eabi/7.3.1/../../../arm-none-eabi/lib/thumb/v7e-m/libc.a(lib_a-mallocr.o)
 .comment       0x00000000000000ae       0x58 /usr/lib/gcc/arm-none-eabi/7.3.1/../../../arm-none-eabi/lib/thumb/v7e-m/libc.a(lib_a-mlock.o)
 .comment       0x00000000000000ae       0x58 /usr/lib/gcc/arm-none-eabi/7.3.1/../../../arm-none-eabi/lib/thumb/v7e-m/libc.a(lib_a-sbrkr.o)
 .comment       0x00000000000000ae       0x58 /usr/lib/gcc/arm-none-eabi/7.3.1/../../../arm-none-eabi/lib/thumb/v7e-m/libc.a(lib_a-__atexit.o)
 .comment       0x00000000000000ae       0x58 /usr/lib/gcc/arm-none-eabi/7.3.1/../../../arm-none-eabi/lib/thumb/v7e-m/libc.a(lib_a-__call_atexit.o)
 .comment       0x00000000000000ae       0x58 /usr/lib/gcc/arm-none-eabi/7.3.1/../../../arm-none-eabi/lib/thumb/v7e-m/libc.a(lib_a-freer.o)
 .comment       0x00000000000000ae       0x58 /usr/lib/gcc/arm-none-eabi/7.3.1/../../../arm-none-eabi/lib/thumb/v7e-m/libc.a(lib_a-reent.o)
 .comment       0x00000000000000ae       0x58 /usr/lib/gcc/arm-none-eabi/7.3.1/thumb/v7e-m/crtend.o

.debug_line     0x0000000000000000     0x1488
 .debug_line    0x0000000000000000       0x5d /usr/lib/gcc/arm-none-eabi/7.3.1/thumb/v7e-m/libgcc.a(_aeabi_uldivmod.o)
 .debug_line    0x000000000000005d      0x24c /usr/lib/gcc/arm-none-eabi/7.3.1/thumb/v7e-m/libgcc.a(_udivmoddi4.o)
 .debug_line    0x00000000000002a9       0x5d /usr/lib/gcc/arm-none-eabi/7.3.1/thumb/v7e-m/libgcc.a(_dvmd_tls.o)
 .debug_line    0x0000000000000306      0x127 /usr/lib/gcc/arm-none-eabi/7.3.1/../../../arm-none-eabi/lib/thumb/v7e-m/libc.a(lib_a-atexit.o)
 .debug_line    0x000000000000042d       0xef /usr/lib/gcc/arm-none-eabi/7.3.1/../../../arm-none-eabi/lib/thumb/v7e-m/libc.a(lib_a-errno.o)
 .debug_line    0x000000000000051c       0x9f /usr/lib/gcc/arm-none-eabi/7.3.1/../../../arm-none-eabi/lib/thumb/v7e-m/libc.a(lib_a-fini.o)
 .debug_line    0x00000000000005bb       0xd4 /usr/lib/gcc/arm-none-eabi/7.3.1/../../../arm-none-eabi/lib/thumb/v7e-m/libc.a(lib_a-impure.o)
 .debug_line    0x000000000000068f       0xb9 /usr/lib/gcc/arm-none-eabi/7.3.1/../../../arm-none-eabi/lib/thumb/v7e-m/libc.a(lib_a-init.o)
 .debug_line    0x0000000000000748      0x12a /usr/lib/gcc/arm-none-eabi/7.3.1/../../../arm-none-eabi/lib/thumb/v7e-m/libc.a(lib_a-malloc.o)
 .debug_line    0x0000000000000872      0x376 /usr/lib/gcc/arm-none-eabi/7.3.1/../../../arm-none-eabi/lib/thumb/v7e-m/libc.a(lib_a-mallocr.o)
 .debug_line    0x0000000000000be8      0x11a /usr/lib/gcc/arm-none-eabi/7.3.1/../../../arm-none-eabi/lib/thumb/v7e-m/libc.a(lib_a-mlock.o)
 .debug_line    0x0000000000000d02      0x130 /usr/lib/gcc/arm-none-eabi/7.3.1/../../../arm-none-eabi/lib/thumb/v7e-m/libc.a(lib_a-sbrkr.o)
 .debug_line    0x0000000000000e32      0x147 /usr/lib/gcc/arm-none-eabi/7.3.1/../../../arm-none-eabi/lib/thumb/v7e-m/libc.a(lib_a-__atexit.o)
 .debug_line    0x0000000000000f79      0x171 /usr/lib/gcc/arm-none-eabi/7.3.1/../../../arm-none-eabi/lib/thumb/v7e-m/libc.a(lib_a-__call_atexit.o)
 .debug_line    0x00000000000010ea      0x24b /usr/lib/gcc/arm-none-eabi/7.3.1/../../../arm-none-eabi/lib/thumb/v7e-m/libc.a(lib_a-freer.o)
 .debug_line    0x0000000000001335      0x153 /usr/lib/gcc/arm-none-eabi/7.3.1/../../../arm-none-eabi/lib/thumb/v7e-m/libc.a(lib_a-reent.o)

.debug_info     0x0000000000000000     0x7d02
 .debug_info    0x0000000000000000       0x26 /usr/lib/gcc/arm-none-eabi/7.3.1/thumb/v7e-m/libgcc.a(_aeabi_uldivmod.o)
 .debug_info    0x0000000000000026      0xd0b /usr/lib/gcc/arm-none-eabi/7.3.1/thumb/v7e-m/libgcc.a(_udivmoddi4.o)
 .debug_info    0x0000000000000d31       0x26 /usr/lib/gcc/arm-none-eabi/7.3.1/thumb/v7e-m/libgcc.a(_dvmd_tls.o)
 .debug_info    0x0000000000000d57      0x90c /usr/lib/gcc/arm-none-eabi/7.3.1/../../../arm-none-eabi/lib/thumb/v7e-m/libc.a(lib_a-atexit.o)
 .debug_info    0x0000000000001663      0x8d0 /usr/lib/gcc/arm-none-eabi/7.3.1/../../../arm-none-eabi/lib/thumb/v7e-m/libc.a(lib_a-errno.o)
 .debug_info    0x0000000000001f33       0xf3 /usr/lib/gcc/arm-none-eabi/7.3.1/../../../arm-none-eabi/lib/thumb/v7e-m/libc.a(lib_a-fini.o)
 .debug_info    0x0000000000002026      0x8a9 /usr/lib/gcc/arm-none-eabi/7.3.1/../../../arm-none-eabi/lib/thumb/v7e-m/libc.a(lib_a-impure.o)
 .debug_info    0x00000000000028cf      0x109 /usr/lib/gcc/arm-none-eabi/7.3.1/../../../arm-none-eabi/lib/thumb/v7e-m/libc.a(lib_a-init.o)
 .debug_info    0x00000000000029d8      0x926 /usr/lib/gcc/arm-none-eabi/7.3.1/../../../arm-none-eabi/lib/thumb/v7e-m/libc.a(lib_a-malloc.o)
 .debug_info    0x00000000000032fe      0xe10 /usr/lib/gcc/arm-none-eabi/7.3.1/../../../arm-none-eabi/lib/thumb/v7e-m/libc.a(lib_a-mallocr.o)
 .debug_info    0x000000000000410e      0x8dc /usr/lib/gcc/arm-none-eabi/7.3.1/../../../arm-none-eabi/lib/thumb/v7e-m/libc.a(lib_a-mlock.o)
 .debug_info    0x00000000000049ea      0x95f /usr/lib/gcc/arm-none-eabi/7.3.1/../../../arm-none-eabi/lib/thumb/v7e-m/libc.a(lib_a-sbrkr.o)
 .debug_info    0x0000000000005349      0x937 /usr/lib/gcc/arm-none-eabi/7.3.1/../../../arm-none-eabi/lib/thumb/v7e-m/libc.a(lib_a-__atexit.o)
 .debug_info    0x0000000000005c80      0x993 /usr/lib/gcc/arm-none-eabi/7.3.1/../../../arm-none-eabi/lib/thumb/v7e-m/libc.a(lib_a-__call_atexit.o)
 .debug_info    0x0000000000006613      0xcc2 /usr/lib/gcc/arm-none-eabi/7.3.1/../../../arm-none-eabi/lib/thumb/v7e-m/libc.a(lib_a-freer.o)
 .debug_info    0x00000000000072d5      0xa2d /usr/lib/gcc/arm-none-eabi/7.3.1/../../../arm-none-eabi/lib/thumb/v7e-m/libc.a(lib_a-reent.o)

.debug_abbrev   0x0000000000000000     0x1aeb
 .debug_abbrev  0x0000000000000000       0x14 /usr/lib/gcc/arm-none-eabi/7.3.1/thumb/v7e-m/libgcc.a(_aeabi_uldivmod.o)
 .debug_abbrev  0x0000000000000014      0x199 /usr/lib/gcc/arm-none-eabi/7.3.1/thumb/v7e-m/libgcc.a(_udivmoddi4.o)
 .debug_abbrev  0x00000000000001ad       0x14 /usr/lib/gcc/arm-none-eabi/7.3.1/thumb/v7e-m/libgcc.a(_dvmd_tls.o)
 .debug_abbrev  0x00000000000001c1      0x201 /usr/lib/gcc/arm-none-eabi/7.3.1/../../../arm-none-eabi/lib/thumb/v7e-m/libc.a(lib_a-atexit.o)
 .debug_abbrev  0x00000000000003c2      0x1ae /usr/lib/gcc/arm-none-eabi/7.3.1/../../../arm-none-eabi/lib/thumb/v7e-m/libc.a(lib_a-errno.o)
 .debug_abbrev  0x0000000000000570       0xbd /usr/lib/gcc/arm-none-eabi/7.3.1/../../../arm-none-eabi/lib/thumb/v7e-m/libc.a(lib_a-fini.o)
 .debug_abbrev  0x000000000000062d      0x192 /usr/lib/gcc/arm-none-eabi/7.3.1/../../../arm-none-eabi/lib/thumb/v7e-m/libc.a(lib_a-impure.o)
 .debug_abbrev  0x00000000000007bf       0xba /usr/lib/gcc/arm-none-eabi/7.3.1/../../../arm-none-eabi/lib/thumb/v7e-m/libc.a(lib_a-init.o)
 .debug_abbrev  0x0000000000000879      0x1ff /usr/lib/gcc/arm-none-eabi/7.3.1/../../../arm-none-eabi/lib/thumb/v7e-m/libc.a(lib_a-malloc.o)
 .debug_abbrev  0x0000000000000a78      0x2cd /usr/lib/gcc/arm-none-eabi/7.3.1/../../../arm-none-eabi/lib/thumb/v7e-m/libc.a(lib_a-mallocr.o)
 .debug_abbrev  0x0000000000000d45      0x1d7 /usr/lib/gcc/arm-none-eabi/7.3.1/../../../arm-none-eabi/lib/thumb/v7e-m/libc.a(lib_a-mlock.o)
 .debug_abbrev  0x0000000000000f1c      0x215 /usr/lib/gcc/arm-none-eabi/7.3.1/../../../arm-none-eabi/lib/thumb/v7e-m/libc.a(lib_a-sbrkr.o)
 .debug_abbrev  0x0000000000001131      0x212 /usr/lib/gcc/arm-none-eabi/7.3.1/../../../arm-none-eabi/lib/thumb/v7e-m/libc.a(lib_a-__atexit.o)
 .debug_abbrev  0x0000000000001343      0x286 /usr/lib/gcc/arm-none-eabi/7.3.1/../../../arm-none-eabi/lib/thumb/v7e-m/libc.a(lib_a-__call_atexit.o)
 .debug_abbrev  0x00000000000015c9      0x291 /usr/lib/gcc/arm-none-eabi/7.3.1/../../../arm-none-eabi/lib/thumb/v7e-m/libc.a(lib_a-freer.o)
 .debug_abbrev  0x000000000000185a      0x291 /usr/lib/gcc/arm-none-eabi/7.3.1/../../../arm-none-eabi/lib/thumb/v7e-m/libc.a(lib_a-reent.o)

.debug_aranges  0x0000000000000000      0x200
 .debug_aranges
                0x0000000000000000       0x20 /usr/lib/gcc/arm-none-eabi/7.3.1/thumb/v7e-m/libgcc.a(_aeabi_uldivmod.o)
 .debug_aranges
                0x0000000000000020       0x20 /usr/lib/gcc/arm-none-eabi/7.3.1/thumb/v7e-m/libgcc.a(_udivmoddi4.o)
 .debug_aranges
                0x0000000000000040       0x20 /usr/lib/gcc/arm-none-eabi/7.3.1/thumb/v7e-m/libgcc.a(_dvmd_tls.o)
 .debug_aranges